15:00:51 **** Clean-only build of configuration Debug for project test ****
make clean 
rm -rf  ./src/helloworld.o ./src/md5.o ./src/platform.o  ./src/helloworld.d ./src/md5.d ./src/platform.d  test.elf.size  test.elf
' '
15:00:52 **** Clean-only build of project test_bsp ****
make -k clean 
rm -f microblaze_0/lib/libxil.a
15:00:53 **** Build of project test_bsp ****
make -k all 
"Running Make include in microblaze_0/libsrc/axivdma_v6_1/src"
make -C microblaze_0/libsrc/axivdma_v6_1/src -s include  "SHELL=CMD" "COMPILER=mb-gcc" "ARCHIVER=mb-ar" "COMPILER_FLAGS= -O2 -c -mcpu=v9.6 -mlittle-endian -mxl-soft-mul" "EXTRA_COMPILER_FLAGS=-g"
"Running Make include in microblaze_0/libsrc/bram_v4_1/src"
make -C microblaze_0/libsrc/bram_v4_1/src -s include  "SHELL=CMD" "COMPILER=mb-gcc" "ARCHIVER=mb-ar" "COMPILER_FLAGS= -O2 -c -mcpu=v9.6 -mlittle-endian -mxl-soft-mul" "EXTRA_COMPILER_FLAGS=-g"
"Running Make include in microblaze_0/libsrc/cpu_v2_5/src"
make -C microblaze_0/libsrc/cpu_v2_5/src -s include  "SHELL=CMD" "COMPILER=mb-gcc" "ARCHIVER=mb-ar" "COMPILER_FLAGS= -O2 -c -mcpu=v9.6 -mlittle-endian -mxl-soft-mul" "EXTRA_COMPILER_FLAGS=-g"
"Running Make include in microblaze_0/libsrc/standalone_v5_5/src"
make -C microblaze_0/libsrc/standalone_v5_5/src -s include  "SHELL=CMD" "COMPILER=mb-gcc" "ARCHIVER=mb-ar" "COMPILER_FLAGS= -O2 -c -mcpu=v9.6 -mlittle-endian -mxl-soft-mul" "EXTRA_COMPILER_FLAGS=-g"
"Running Make include in microblaze_0/libsrc/tft_v6_0/src"
make -C microblaze_0/libsrc/tft_v6_0/src -s include  "SHELL=CMD" "COMPILER=mb-gcc" "ARCHIVER=mb-ar" "COMPILER_FLAGS= -O2 -c -mcpu=v9.6 -mlittle-endian -mxl-soft-mul" "EXTRA_COMPILER_FLAGS=-g"
"Running Make include in microblaze_0/libsrc/Tracking_IP_v1_0/src"
make -C microblaze_0/libsrc/Tracking_IP_v1_0/src -s include  "SHELL=CMD" "COMPILER=mb-gcc" "ARCHIVER=mb-ar" "COMPILER_FLAGS= -O2 -c -mcpu=v9.6 -mlittle-endian -mxl-soft-mul" "EXTRA_COMPILER_FLAGS=-g"
"Running Make include in microblaze_0/libsrc/uartlite_v3_2/src"
make -C microblaze_0/libsrc/uartlite_v3_2/src -s include  "SHELL=CMD" "COMPILER=mb-gcc" "ARCHIVER=mb-ar" "COMPILER_FLAGS= -O2 -c -mcpu=v9.6 -mlittle-endian -mxl-soft-mul" "EXTRA_COMPILER_FLAGS=-g"
"Running Make libs in microblaze_0/libsrc/axivdma_v6_1/src"
make -C microblaze_0/libsrc/axivdma_v6_1/src -s libs  "SHELL=CMD" "COMPILER=mb-gcc" "ARCHIVER=mb-ar" "COMPILER_FLAGS= -O2 -c -mcpu=v9.6 -mlittle-endian -mxl-soft-mul" "EXTRA_COMPILER_FLAGS=-g"
"Compiling axivdma"
mb-ar: creating ../../../lib/libxil.a
"Running Make libs in microblaze_0/libsrc/bram_v4_1/src"
make -C microblaze_0/libsrc/bram_v4_1/src -s libs  "SHELL=CMD" "COMPILER=mb-gcc" "ARCHIVER=mb-ar" "COMPILER_FLAGS= -O2 -c -mcpu=v9.6 -mlittle-endian -mxl-soft-mul" "EXTRA_COMPILER_FLAGS=-g"
"Compiling bram"
"Running Make libs in microblaze_0/libsrc/cpu_v2_5/src"
make -C microblaze_0/libsrc/cpu_v2_5/src -s libs  "SHELL=CMD" "COMPILER=mb-gcc" "ARCHIVER=mb-ar" "COMPILER_FLAGS= -O2 -c -mcpu=v9.6 -mlittle-endian -mxl-soft-mul" "EXTRA_COMPILER_FLAGS=-g"
"Compiling cpu"
"Running Make libs in microblaze_0/libsrc/standalone_v5_5/src"
make -C microblaze_0/libsrc/standalone_v5_5/src -s libs  "SHELL=CMD" "COMPILER=mb-gcc" "ARCHIVER=mb-ar" "COMPILER_FLAGS= -O2 -c -mcpu=v9.6 -mlittle-endian -mxl-soft-mul" "EXTRA_COMPILER_FLAGS=-g"
"Compiling standalone";
"Running Make libs in microblaze_0/libsrc/tft_v6_0/src"
make -C microblaze_0/libsrc/tft_v6_0/src -s libs  "SHELL=CMD" "COMPILER=mb-gcc" "ARCHIVER=mb-ar" "COMPILER_FLAGS= -O2 -c -mcpu=v9.6 -mlittle-endian -mxl-soft-mul" "EXTRA_COMPILER_FLAGS=-g"
"Compiling tft"
"Running Make libs in microblaze_0/libsrc/Tracking_IP_v1_0/src"
make -C microblaze_0/libsrc/Tracking_IP_v1_0/src -s libs  "SHELL=CMD" "COMPILER=mb-gcc" "ARCHIVER=mb-ar" "COMPILER_FLAGS= -O2 -c -mcpu=v9.6 -mlittle-endian -mxl-soft-mul" "EXTRA_COMPILER_FLAGS=-g"
"Compiling Tracking_IP..."
"Running Make libs in microblaze_0/libsrc/uartlite_v3_2/src"
make -C microblaze_0/libsrc/uartlite_v3_2/src -s libs  "SHELL=CMD" "COMPILER=mb-gcc" "ARCHIVER=mb-ar" "COMPILER_FLAGS= -O2 -c -mcpu=v9.6 -mlittle-endian -mxl-soft-mul" "EXTRA_COMPILER_FLAGS=-g"
"Compiling uartlite"
'Finished building libraries'
15:01:03 **** Build of configuration Debug for project test ****
make all 
'Building file: ../src/helloworld.c'
'Invoking: MicroBlaze gcc compiler'
mb-gcc -Wall -O0 -g3 -c -fmessage-length=0 -MT"src/helloworld.o" -I../../test_bsp/microblaze_0/include -mlittle-endian -mcpu=v9.6 -mxl-soft-mul -Wl,--no-relax -MMD -MP -MF"src/helloworld.d" -MT"src/helloworld.o" -o "src/helloworld.o" "../src/helloworld.c"
In file included from ../src/helloworld.c:51:0:
../src/configure.h: In function 'drawsquare':
../src/configure.h:140:13: warning: assignment makes pointer from integer without a cast [-Wint-conversion]
    draw_pos = (int)DDR_FB + ((y+i)<<12) + ((x+j)<<2);
             ^
../src/configure.h: In function 'drawline':
../src/configure.h:152:12: warning: assignment makes pointer from integer without a cast [-Wint-conversion]
   draw_pos = (int)DDR_FB+(y0<<12)+(i<<2);
            ^
../src/configure.h:157:12: warning: assignment makes pointer from integer without a cast [-Wint-conversion]
   draw_pos = (int)DDR_FB+(i<<12)+(x1<<2);
            ^
../src/configure.h:162:12: warning: assignment makes pointer from integer without a cast [-Wint-conversion]
   draw_pos = (int)DDR_FB+(y1<<12)+(i<<2);
            ^
../src/configure.h:167:12: warning: assignment makes pointer from integer without a cast [-Wint-conversion]
   draw_pos = (int)DDR_FB+(i<<12)+(x0<<2);
            ^
../src/helloworld.c: In function 'start_stamp':
../src/helloworld.c:207:11: warning: passing argument 1 of 'VDMAInit' discards 'volatile' qualifier from pointer target type [-Wdiscarded-qualifiers]
  VDMAInit(DDR_FB, DISPLAY_COLUMNS);
           ^
In file included from ../src/helloworld.c:51:0:
../src/configure.h:57:6: note: expected 'unsigned int *' but argument is of type 'volatile unsigned int *'
 void VDMAInit(unsigned int * buffer, int display_columns)
      ^
'Finished building: ../src/helloworld.c'
' '
'Building file: ../src/md5.c'
'Invoking: MicroBlaze gcc compiler'
mb-gcc -Wall -O0 -g3 -c -fmessage-length=0 -MT"src/md5.o" -I../../test_bsp/microblaze_0/include -mlittle-endian -mcpu=v9.6 -mxl-soft-mul -Wl,--no-relax -MMD -MP -MF"src/md5.d" -MT"src/md5.o" -o "src/md5.o" "../src/md5.c"
'Finished building: ../src/md5.c'
' '
'Building file: ../src/platform.c'
'Invoking: MicroBlaze gcc compiler'
mb-gcc -Wall -O0 -g3 -c -fmessage-length=0 -MT"src/platform.o" -I../../test_bsp/microblaze_0/include -mlittle-endian -mcpu=v9.6 -mxl-soft-mul -Wl,--no-relax -MMD -MP -MF"src/platform.d" -MT"src/platform.o" -o "src/platform.o" "../src/platform.c"
'Finished building: ../src/platform.c'
' '
'Building target: test.elf'
'Invoking: MicroBlaze gcc linker'
mb-gcc -Wl,-T -Wl,../src/lscript.ld -L../../test_bsp/microblaze_0/lib -mlittle-endian -mcpu=v9.6 -mxl-soft-mul -Wl,--no-relax -o "test.elf"  ./src/helloworld.o ./src/md5.o ./src/platform.o   -Wl,--start-group,-lxil,-lgcc,-lc,--end-group
'Finished building target: test.elf'
' '
'Invoking: MicroBlaze Print Size'
mb-size test.elf  |tee "test.elf.size"
   text	   data	    bss	    dec	    hex	filename
  32316	    416	   3124	  35856	   8c10	test.elf
'Finished building: test.elf.size'
' '
15:01:45 **** Incremental Build of configuration Debug for project test ****
make all 
make: Nothing to be done for `all'.
15:25:17 **** Auto Build of configuration Debug for project test ****
make all 
'Building file: ../src/helloworld.c'
'Invoking: MicroBlaze gcc compiler'
mb-gcc -Wall -O0 -g3 -c -fmessage-length=0 -MT"src/helloworld.o" -I../../test_bsp/microblaze_0/include -mlittle-endian -mcpu=v9.6 -mxl-soft-mul -Wl,--no-relax -MMD -MP -MF"src/helloworld.d" -MT"src/helloworld.o" -o "src/helloworld.o" "../src/helloworld.c"
In file included from ../src/helloworld.c:51:0:
../src/configure.h: In function 'drawsquare':
../src/configure.h:140:13: warning: assignment makes pointer from integer without a cast [-Wint-conversion]
    draw_pos = (int)DDR_FB + ((y+i)<<12) + ((x+j)<<2);
             ^
../src/configure.h: In function 'drawline':
../src/configure.h:152:12: warning: assignment makes pointer from integer without a cast [-Wint-conversion]
   draw_pos = (int)DDR_FB+(y0<<12)+(i<<2);
            ^
../src/configure.h:157:12: warning: assignment makes pointer from integer without a cast [-Wint-conversion]
   draw_pos = (int)DDR_FB+(i<<12)+(x1<<2);
            ^
../src/configure.h:162:12: warning: assignment makes pointer from integer without a cast [-Wint-conversion]
   draw_pos = (int)DDR_FB+(y1<<12)+(i<<2);
            ^
../src/configure.h:167:12: warning: assignment makes pointer from integer without a cast [-Wint-conversion]
   draw_pos = (int)DDR_FB+(i<<12)+(x0<<2);
            ^
../src/helloworld.c: In function 'start_stamp':
../src/helloworld.c:207:11: warning: passing argument 1 of 'VDMAInit' discards 'volatile' qualifier from pointer target type [-Wdiscarded-qualifiers]
  VDMAInit(DDR_FB, DISPLAY_COLUMNS);
           ^
In file included from ../src/helloworld.c:51:0:
../src/configure.h:57:6: note: expected 'unsigned int *' but argument is of type 'volatile unsigned int *'
 void VDMAInit(unsigned int * buffer, int display_columns)
      ^
../src/helloworld.c:253:15: warning: assignment makes pointer from integer without a cast [-Wint-conversion]
      draw_pos = (int)DDR_FB + ((y0+i)<<12) + ((x0+j)<<2);
               ^
../src/helloworld.c:220:16: warning: variable 'y1' set but not used [-Wunused-but-set-variable]
   int x0,x1,y0,y1;
                ^
../src/helloworld.c:220:10: warning: variable 'x1' set but not used [-Wunused-but-set-variable]
   int x0,x1,y0,y1;
          ^
'Finished building: ../src/helloworld.c'
' '
'Building target: test.elf'
'Invoking: MicroBlaze gcc linker'
mb-gcc -Wl,-T -Wl,../src/lscript.ld -L../../test_bsp/microblaze_0/lib -mlittle-endian -mcpu=v9.6 -mxl-soft-mul -Wl,--no-relax -o "test.elf"  ./src/helloworld.o ./src/md5.o ./src/platform.o   -Wl,--start-group,-lxil,-lgcc,-lc,--end-group
'Finished building target: test.elf'
' '
'Invoking: MicroBlaze Print Size'
mb-size test.elf  |tee "test.elf.size"
   text	   data	    bss	    dec	    hex	filename
  32560	    416	   3120	  36096	   8d00	test.elf
'Finished building: test.elf.size'
' '
15:25:24 **** Incremental Build of configuration Debug for project test ****
make all 
make: Nothing to be done for `all'.
15:50:48 **** Incremental Build of configuration Debug for project test ****
make all 
make: Nothing to be done for `all'.
16:06:15 **** Incremental Build of configuration Debug for project test ****
make all 
make: Nothing to be done for `all'.
16:06:30 **** Incremental Build of configuration Debug for project test ****
make all 
make: Nothing to be done for `all'.
16:07:50 **** Incremental Build of configuration Debug for project test ****
make all 
make: Nothing to be done for `all'.
16:11:03 **** Auto Build of configuration Debug for project test ****
make all 
'Building file: ../src/helloworld.c'
'Invoking: MicroBlaze gcc compiler'
mb-gcc -Wall -O0 -g3 -c -fmessage-length=0 -MT"src/helloworld.o" -I../../test_bsp/microblaze_0/include -mlittle-endian -mcpu=v9.6 -mxl-soft-mul -Wl,--no-relax -MMD -MP -MF"src/helloworld.d" -MT"src/helloworld.o" -o "src/helloworld.o" "../src/helloworld.c"
In file included from ../src/helloworld.c:51:0:
../src/configure.h: In function 'drawsquare':
../src/configure.h:140:13: warning: assignment makes pointer from integer without a cast [-Wint-conversion]
    draw_pos = (int)DDR_FB + ((y+i)<<12) + ((x+j)<<2);
             ^
../src/configure.h: In function 'drawline':
../src/configure.h:152:12: warning: assignment makes pointer from integer without a cast [-Wint-conversion]
   draw_pos = (int)DDR_FB+(y0<<12)+(i<<2);
            ^
../src/configure.h:157:12: warning: assignment makes pointer from integer without a cast [-Wint-conversion]
   draw_pos = (int)DDR_FB+(i<<12)+(x1<<2);
            ^
../src/configure.h:162:12: warning: assignment makes pointer from integer without a cast [-Wint-conversion]
   draw_pos = (int)DDR_FB+(y1<<12)+(i<<2);
            ^
../src/configure.h:167:12: warning: assignment makes pointer from integer without a cast [-Wint-conversion]
   draw_pos = (int)DDR_FB+(i<<12)+(x0<<2);
            ^
../src/helloworld.c: In function 'start_stamp':
../src/helloworld.c:207:11: warning: passing argument 1 of 'VDMAInit' discards 'volatile' qualifier from pointer target type [-Wdiscarded-qualifiers]
  VDMAInit(DDR_FB, DISPLAY_COLUMNS);
           ^
In file included from ../src/helloworld.c:51:0:
../src/configure.h:57:6: note: expected 'unsigned int *' but argument is of type 'volatile unsigned int *'
 void VDMAInit(unsigned int * buffer, int display_columns)
      ^
../src/helloworld.c:253:15: warning: assignment makes pointer from integer without a cast [-Wint-conversion]
      draw_pos = (int)DDR_FB + ((y0+i)<<12) + ((x0+j)<<2);
               ^
'Finished building: ../src/helloworld.c'
' '
'Building target: test.elf'
'Invoking: MicroBlaze gcc linker'
mb-gcc -Wl,-T -Wl,../src/lscript.ld -L../../test_bsp/microblaze_0/lib -mlittle-endian -mcpu=v9.6 -mxl-soft-mul -Wl,--no-relax -o "test.elf"  ./src/helloworld.o ./src/md5.o ./src/platform.o   -Wl,--start-group,-lxil,-lgcc,-lc,--end-group
'Finished building target: test.elf'
' '
'Invoking: MicroBlaze Print Size'
mb-size test.elf  |tee "test.elf.size"
   text	   data	    bss	    dec	    hex	filename
  32588	    416	   3124	  36128	   8d20	test.elf
'Finished building: test.elf.size'
' '
16:11:07 **** Incremental Build of configuration Debug for project test ****
make all 
make: Nothing to be done for `all'.
16:11:33 **** Incremental Build of configuration Debug for project test ****
make all 
make: Nothing to be done for `all'.
16:14:40 **** Auto Build of configuration Debug for project test ****
make all 
'Building file: ../src/helloworld.c'
'Invoking: MicroBlaze gcc compiler'
mb-gcc -Wall -O0 -g3 -c -fmessage-length=0 -MT"src/helloworld.o" -I../../test_bsp/microblaze_0/include -mlittle-endian -mcpu=v9.6 -mxl-soft-mul -Wl,--no-relax -MMD -MP -MF"src/helloworld.d" -MT"src/helloworld.o" -o "src/helloworld.o" "../src/helloworld.c"
In file included from ../src/helloworld.c:51:0:
../src/configure.h: In function 'drawsquare':
../src/configure.h:140:13: warning: assignment makes pointer from integer without a cast [-Wint-conversion]
    draw_pos = (int)DDR_FB + ((y+i)<<12) + ((x+j)<<2);
             ^
../src/configure.h: In function 'drawline':
../src/configure.h:152:12: warning: assignment makes pointer from integer without a cast [-Wint-conversion]
   draw_pos = (int)DDR_FB+(y0<<12)+(i<<2);
            ^
../src/configure.h:157:12: warning: assignment makes pointer from integer without a cast [-Wint-conversion]
   draw_pos = (int)DDR_FB+(i<<12)+(x1<<2);
            ^
../src/configure.h:162:12: warning: assignment makes pointer from integer without a cast [-Wint-conversion]
   draw_pos = (int)DDR_FB+(y1<<12)+(i<<2);
            ^
../src/configure.h:167:12: warning: assignment makes pointer from integer without a cast [-Wint-conversion]
   draw_pos = (int)DDR_FB+(i<<12)+(x0<<2);
            ^
../src/helloworld.c: In function 'start_stamp':
../src/helloworld.c:207:11: warning: passing argument 1 of 'VDMAInit' discards 'volatile' qualifier from pointer target type [-Wdiscarded-qualifiers]
  VDMAInit(DDR_FB, DISPLAY_COLUMNS);
           ^
In file included from ../src/helloworld.c:51:0:
../src/configure.h:57:6: note: expected 'unsigned int *' but argument is of type 'volatile unsigned int *'
 void VDMAInit(unsigned int * buffer, int display_columns)
      ^
../src/helloworld.c:253:15: warning: assignment makes pointer from integer without a cast [-Wint-conversion]
      draw_pos = (int)DDR_FB + ((y0+j)<<12) + ((x0+i)<<2);
               ^
'Finished building: ../src/helloworld.c'
' '
'Building target: test.elf'
'Invoking: MicroBlaze gcc linker'
mb-gcc -Wl,-T -Wl,../src/lscript.ld -L../../test_bsp/microblaze_0/lib -mlittle-endian -mcpu=v9.6 -mxl-soft-mul -Wl,--no-relax -o "test.elf"  ./src/helloworld.o ./src/md5.o ./src/platform.o   -Wl,--start-group,-lxil,-lgcc,-lc,--end-group
'Finished building target: test.elf'
' '
'Invoking: MicroBlaze Print Size'
mb-size test.elf  |tee "test.elf.size"
   text	   data	    bss	    dec	    hex	filename
  32588	    416	   3124	  36128	   8d20	test.elf
'Finished building: test.elf.size'
' '
16:14:43 **** Incremental Build of configuration Debug for project test ****
make all 
make: Nothing to be done for `all'.
16:16:15 **** Auto Build of configuration Debug for project test ****
make all 
'Building file: ../src/helloworld.c'
'Invoking: MicroBlaze gcc compiler'
mb-gcc -Wall -O0 -g3 -c -fmessage-length=0 -MT"src/helloworld.o" -I../../test_bsp/microblaze_0/include -mlittle-endian -mcpu=v9.6 -mxl-soft-mul -Wl,--no-relax -MMD -MP -MF"src/helloworld.d" -MT"src/helloworld.o" -o "src/helloworld.o" "../src/helloworld.c"
In file included from ../src/helloworld.c:51:0:
../src/configure.h: In function 'drawsquare':
../src/configure.h:140:13: warning: assignment makes pointer from integer without a cast [-Wint-conversion]
    draw_pos = (int)DDR_FB + ((y+i)<<12) + ((x+j)<<2);
             ^
../src/configure.h: In function 'drawline':
../src/configure.h:152:12: warning: assignment makes pointer from integer without a cast [-Wint-conversion]
   draw_pos = (int)DDR_FB+(y0<<12)+(i<<2);
            ^
../src/configure.h:157:12: warning: assignment makes pointer from integer without a cast [-Wint-conversion]
   draw_pos = (int)DDR_FB+(i<<12)+(x1<<2);
            ^
../src/configure.h:162:12: warning: assignment makes pointer from integer without a cast [-Wint-conversion]
   draw_pos = (int)DDR_FB+(y1<<12)+(i<<2);
            ^
../src/configure.h:167:12: warning: assignment makes pointer from integer without a cast [-Wint-conversion]
   draw_pos = (int)DDR_FB+(i<<12)+(x0<<2);
            ^
../src/helloworld.c: In function 'start_stamp':
../src/helloworld.c:207:11: warning: passing argument 1 of 'VDMAInit' discards 'volatile' qualifier from pointer target type [-Wdiscarded-qualifiers]
  VDMAInit(DDR_FB, DISPLAY_COLUMNS);
           ^
In file included from ../src/helloworld.c:51:0:
../src/configure.h:57:6: note: expected 'unsigned int *' but argument is of type 'volatile unsigned int *'
 void VDMAInit(unsigned int * buffer, int display_columns)
      ^
../src/helloworld.c:253:15: warning: assignment makes pointer from integer without a cast [-Wint-conversion]
      draw_pos = (int)DDR_FB + ((y0+j)<<12) + ((x0+i)<<2);
               ^
'Finished building: ../src/helloworld.c'
' '
'Building target: test.elf'
'Invoking: MicroBlaze gcc linker'
mb-gcc -Wl,-T -Wl,../src/lscript.ld -L../../test_bsp/microblaze_0/lib -mlittle-endian -mcpu=v9.6 -mxl-soft-mul -Wl,--no-relax -o "test.elf"  ./src/helloworld.o ./src/md5.o ./src/platform.o   -Wl,--start-group,-lxil,-lgcc,-lc,--end-group
'Finished building target: test.elf'
' '
'Invoking: MicroBlaze Print Size'
mb-size test.elf  |tee "test.elf.size"
   text	   data	    bss	    dec	    hex	filename
  32588	    416	   3124	  36128	   8d20	test.elf
'Finished building: test.elf.size'
' '
16:16:17 **** Incremental Build of configuration Debug for project test ****
make all 
make: Nothing to be done for `all'.
16:16:52 **** Auto Build of configuration Debug for project test ****
make all 
'Building file: ../src/helloworld.c'
'Invoking: MicroBlaze gcc compiler'
mb-gcc -Wall -O0 -g3 -c -fmessage-length=0 -MT"src/helloworld.o" -I../../test_bsp/microblaze_0/include -mlittle-endian -mcpu=v9.6 -mxl-soft-mul -Wl,--no-relax -MMD -MP -MF"src/helloworld.d" -MT"src/helloworld.o" -o "src/helloworld.o" "../src/helloworld.c"
In file included from ../src/helloworld.c:51:0:
../src/configure.h: In function 'drawsquare':
../src/configure.h:140:13: warning: assignment makes pointer from integer without a cast [-Wint-conversion]
    draw_pos = (int)DDR_FB + ((y+i)<<12) + ((x+j)<<2);
             ^
../src/configure.h: In function 'drawline':
../src/configure.h:152:12: warning: assignment makes pointer from integer without a cast [-Wint-conversion]
   draw_pos = (int)DDR_FB+(y0<<12)+(i<<2);
            ^
../src/configure.h:157:12: warning: assignment makes pointer from integer without a cast [-Wint-conversion]
   draw_pos = (int)DDR_FB+(i<<12)+(x1<<2);
            ^
../src/configure.h:162:12: warning: assignment makes pointer from integer without a cast [-Wint-conversion]
   draw_pos = (int)DDR_FB+(y1<<12)+(i<<2);
            ^
../src/configure.h:167:12: warning: assignment makes pointer from integer without a cast [-Wint-conversion]
   draw_pos = (int)DDR_FB+(i<<12)+(x0<<2);
            ^
../src/helloworld.c: In function 'start_stamp':
../src/helloworld.c:207:11: warning: passing argument 1 of 'VDMAInit' discards 'volatile' qualifier from pointer target type [-Wdiscarded-qualifiers]
  VDMAInit(DDR_FB, DISPLAY_COLUMNS);
           ^
In file included from ../src/helloworld.c:51:0:
../src/configure.h:57:6: note: expected 'unsigned int *' but argument is of type 'volatile unsigned int *'
 void VDMAInit(unsigned int * buffer, int display_columns)
      ^
../src/helloworld.c:253:15: warning: assignment makes pointer from integer without a cast [-Wint-conversion]
      draw_pos = (int)DDR_FB + ((y0+j)<<12) + ((x0+i)<<2);
               ^
'Finished building: ../src/helloworld.c'
' '
'Building target: test.elf'
'Invoking: MicroBlaze gcc linker'
mb-gcc -Wl,-T -Wl,../src/lscript.ld -L../../test_bsp/microblaze_0/lib -mlittle-endian -mcpu=v9.6 -mxl-soft-mul -Wl,--no-relax -o "test.elf"  ./src/helloworld.o ./src/md5.o ./src/platform.o   -Wl,--start-group,-lxil,-lgcc,-lc,--end-group
'Finished building target: test.elf'
' '
'Invoking: MicroBlaze Print Size'
mb-size test.elf  |tee "test.elf.size"
   text	   data	    bss	    dec	    hex	filename
  32588	    416	   3124	  36128	   8d20	test.elf
'Finished building: test.elf.size'
' '
16:16:57 **** Incremental Build of configuration Debug for project test ****
make all 
make: Nothing to be done for `all'.
16:18:05 **** Auto Build of configuration Debug for project test ****
make all 
'Building file: ../src/helloworld.c'
'Invoking: MicroBlaze gcc compiler'
mb-gcc -Wall -O0 -g3 -c -fmessage-length=0 -MT"src/helloworld.o" -I../../test_bsp/microblaze_0/include -mlittle-endian -mcpu=v9.6 -mxl-soft-mul -Wl,--no-relax -MMD -MP -MF"src/helloworld.d" -MT"src/helloworld.o" -o "src/helloworld.o" "../src/helloworld.c"
In file included from ../src/helloworld.c:51:0:
../src/configure.h: In function 'drawsquare':
../src/configure.h:140:13: warning: assignment makes pointer from integer without a cast [-Wint-conversion]
    draw_pos = (int)DDR_FB + ((y+i)<<12) + ((x+j)<<2);
             ^
../src/configure.h: In function 'drawline':
../src/configure.h:152:12: warning: assignment makes pointer from integer without a cast [-Wint-conversion]
   draw_pos = (int)DDR_FB+(y0<<12)+(i<<2);
            ^
../src/configure.h:157:12: warning: assignment makes pointer from integer without a cast [-Wint-conversion]
   draw_pos = (int)DDR_FB+(i<<12)+(x1<<2);
            ^
../src/configure.h:162:12: warning: assignment makes pointer from integer without a cast [-Wint-conversion]
   draw_pos = (int)DDR_FB+(y1<<12)+(i<<2);
            ^
../src/configure.h:167:12: warning: assignment makes pointer from integer without a cast [-Wint-conversion]
   draw_pos = (int)DDR_FB+(i<<12)+(x0<<2);
            ^
../src/helloworld.c: In function 'start_stamp':
../src/helloworld.c:207:11: warning: passing argument 1 of 'VDMAInit' discards 'volatile' qualifier from pointer target type [-Wdiscarded-qualifiers]
  VDMAInit(DDR_FB, DISPLAY_COLUMNS);
           ^
In file included from ../src/helloworld.c:51:0:
../src/configure.h:57:6: note: expected 'unsigned int *' but argument is of type 'volatile unsigned int *'
 void VDMAInit(unsigned int * buffer, int display_columns)
      ^
../src/helloworld.c:253:15: warning: assignment makes pointer from integer without a cast [-Wint-conversion]
      draw_pos = (int)DDR_FB + ((y0+j)<<12) + ((x0+i)<<2);
               ^
'Finished building: ../src/helloworld.c'
' '
'Building target: test.elf'
'Invoking: MicroBlaze gcc linker'
mb-gcc -Wl,-T -Wl,../src/lscript.ld -L../../test_bsp/microblaze_0/lib -mlittle-endian -mcpu=v9.6 -mxl-soft-mul -Wl,--no-relax -o "test.elf"  ./src/helloworld.o ./src/md5.o ./src/platform.o   -Wl,--start-group,-lxil,-lgcc,-lc,--end-group
'Finished building target: test.elf'
' '
'Invoking: MicroBlaze Print Size'
mb-size test.elf  |tee "test.elf.size"
   text	   data	    bss	    dec	    hex	filename
  32588	    416	   3124	  36128	   8d20	test.elf
'Finished building: test.elf.size'
' '
16:18:08 **** Incremental Build of configuration Debug for project test ****
make all 
make: Nothing to be done for `all'.
16:18:33 **** Auto Build of configuration Debug for project test ****
make all 
'Building file: ../src/helloworld.c'
'Invoking: MicroBlaze gcc compiler'
mb-gcc -Wall -O0 -g3 -c -fmessage-length=0 -MT"src/helloworld.o" -I../../test_bsp/microblaze_0/include -mlittle-endian -mcpu=v9.6 -mxl-soft-mul -Wl,--no-relax -MMD -MP -MF"src/helloworld.d" -MT"src/helloworld.o" -o "src/helloworld.o" "../src/helloworld.c"
In file included from ../src/helloworld.c:51:0:
../src/configure.h: In function 'drawsquare':
../src/configure.h:140:13: warning: assignment makes pointer from integer without a cast [-Wint-conversion]
    draw_pos = (int)DDR_FB + ((y+i)<<12) + ((x+j)<<2);
             ^
../src/configure.h: In function 'drawline':
../src/configure.h:152:12: warning: assignment makes pointer from integer without a cast [-Wint-conversion]
   draw_pos = (int)DDR_FB+(y0<<12)+(i<<2);
            ^
../src/configure.h:157:12: warning: assignment makes pointer from integer without a cast [-Wint-conversion]
   draw_pos = (int)DDR_FB+(i<<12)+(x1<<2);
            ^
../src/configure.h:162:12: warning: assignment makes pointer from integer without a cast [-Wint-conversion]
   draw_pos = (int)DDR_FB+(y1<<12)+(i<<2);
            ^
../src/configure.h:167:12: warning: assignment makes pointer from integer without a cast [-Wint-conversion]
   draw_pos = (int)DDR_FB+(i<<12)+(x0<<2);
            ^
../src/helloworld.c: In function 'start_stamp':
../src/helloworld.c:207:11: warning: passing argument 1 of 'VDMAInit' discards 'volatile' qualifier from pointer target type [-Wdiscarded-qualifiers]
  VDMAInit(DDR_FB, DISPLAY_COLUMNS);
           ^
In file included from ../src/helloworld.c:51:0:
../src/configure.h:57:6: note: expected 'unsigned int *' but argument is of type 'volatile unsigned int *'
 void VDMAInit(unsigned int * buffer, int display_columns)
      ^
../src/helloworld.c:253:15: warning: assignment makes pointer from integer without a cast [-Wint-conversion]
      draw_pos = (int)DDR_FB + ((y0+j)<<12) + ((x0+i)<<2);
               ^
'Finished building: ../src/helloworld.c'
' '
'Building target: test.elf'
'Invoking: MicroBlaze gcc linker'
mb-gcc -Wl,-T -Wl,../src/lscript.ld -L../../test_bsp/microblaze_0/lib -mlittle-endian -mcpu=v9.6 -mxl-soft-mul -Wl,--no-relax -o "test.elf"  ./src/helloworld.o ./src/md5.o ./src/platform.o   -Wl,--start-group,-lxil,-lgcc,-lc,--end-group
'Finished building target: test.elf'
' '
'Invoking: MicroBlaze Print Size'
mb-size test.elf  |tee "test.elf.size"
   text	   data	    bss	    dec	    hex	filename
  32588	    416	   3124	  36128	   8d20	test.elf
'Finished building: test.elf.size'
' '
16:18:50 **** Incremental Build of configuration Debug for project test ****
make all 
make: Nothing to be done for `all'.
16:24:01 **** Auto Build of configuration Debug for project test ****
make all 
'Building file: ../src/helloworld.c'
'Invoking: MicroBlaze gcc compiler'
mb-gcc -Wall -O0 -g3 -c -fmessage-length=0 -MT"src/helloworld.o" -I../../test_bsp/microblaze_0/include -mlittle-endian -mcpu=v9.6 -mxl-soft-mul -Wl,--no-relax -MMD -MP -MF"src/helloworld.d" -MT"src/helloworld.o" -o "src/helloworld.o" "../src/helloworld.c"
In file included from ../src/helloworld.c:51:0:
../src/configure.h: In function 'drawsquare':
../src/configure.h:140:13: warning: assignment makes pointer from integer without a cast [-Wint-conversion]
    draw_pos = (int)DDR_FB + ((y+i)<<12) + ((x+j)<<2);
             ^
../src/configure.h: In function 'drawline':
../src/configure.h:152:12: warning: assignment makes pointer from integer without a cast [-Wint-conversion]
   draw_pos = (int)DDR_FB+(y0<<12)+(i<<2);
            ^
../src/configure.h:157:12: warning: assignment makes pointer from integer without a cast [-Wint-conversion]
   draw_pos = (int)DDR_FB+(i<<12)+(x1<<2);
            ^
../src/configure.h:162:12: warning: assignment makes pointer from integer without a cast [-Wint-conversion]
   draw_pos = (int)DDR_FB+(y1<<12)+(i<<2);
            ^
../src/configure.h:167:12: warning: assignment makes pointer from integer without a cast [-Wint-conversion]
   draw_pos = (int)DDR_FB+(i<<12)+(x0<<2);
            ^
../src/helloworld.c: In function 'start_stamp':
../src/helloworld.c:207:11: warning: passing argument 1 of 'VDMAInit' discards 'volatile' qualifier from pointer target type [-Wdiscarded-qualifiers]
  VDMAInit(DDR_FB, DISPLAY_COLUMNS);
           ^
In file included from ../src/helloworld.c:51:0:
../src/configure.h:57:6: note: expected 'unsigned int *' but argument is of type 'volatile unsigned int *'
 void VDMAInit(unsigned int * buffer, int display_columns)
      ^
../src/helloworld.c:253:15: warning: assignment makes pointer from integer without a cast [-Wint-conversion]
      draw_pos = (int)DDR_FB + ((y0+j)<<12) + ((x0+i)<<2);
               ^
'Finished building: ../src/helloworld.c'
' '
'Building target: test.elf'
'Invoking: MicroBlaze gcc linker'
mb-gcc -Wl,-T -Wl,../src/lscript.ld -L../../test_bsp/microblaze_0/lib -mlittle-endian -mcpu=v9.6 -mxl-soft-mul -Wl,--no-relax -o "test.elf"  ./src/helloworld.o ./src/md5.o ./src/platform.o   -Wl,--start-group,-lxil,-lgcc,-lc,--end-group
'Finished building target: test.elf'
' '
'Invoking: MicroBlaze Print Size'
mb-size test.elf  |tee "test.elf.size"
   text	   data	    bss	    dec	    hex	filename
  32588	    416	   3124	  36128	   8d20	test.elf
'Finished building: test.elf.size'
' '
16:24:04 **** Incremental Build of configuration Debug for project test ****
make all 
make: Nothing to be done for `all'.
16:24:29 **** Auto Build of configuration Debug for project test ****
make all 
'Building file: ../src/helloworld.c'
'Invoking: MicroBlaze gcc compiler'
mb-gcc -Wall -O0 -g3 -c -fmessage-length=0 -MT"src/helloworld.o" -I../../test_bsp/microblaze_0/include -mlittle-endian -mcpu=v9.6 -mxl-soft-mul -Wl,--no-relax -MMD -MP -MF"src/helloworld.d" -MT"src/helloworld.o" -o "src/helloworld.o" "../src/helloworld.c"
In file included from ../src/helloworld.c:51:0:
../src/configure.h: In function 'drawsquare':
../src/configure.h:140:13: warning: assignment makes pointer from integer without a cast [-Wint-conversion]
    draw_pos = (int)DDR_FB + ((y+i)<<12) + ((x+j)<<2);
             ^
../src/configure.h: In function 'drawline':
../src/configure.h:152:12: warning: assignment makes pointer from integer without a cast [-Wint-conversion]
   draw_pos = (int)DDR_FB+(y0<<12)+(i<<2);
            ^
../src/configure.h:157:12: warning: assignment makes pointer from integer without a cast [-Wint-conversion]
   draw_pos = (int)DDR_FB+(i<<12)+(x1<<2);
            ^
../src/configure.h:162:12: warning: assignment makes pointer from integer without a cast [-Wint-conversion]
   draw_pos = (int)DDR_FB+(y1<<12)+(i<<2);
            ^
../src/configure.h:167:12: warning: assignment makes pointer from integer without a cast [-Wint-conversion]
   draw_pos = (int)DDR_FB+(i<<12)+(x0<<2);
            ^
../src/helloworld.c: In function 'start_stamp':
../src/helloworld.c:207:11: warning: passing argument 1 of 'VDMAInit' discards 'volatile' qualifier from pointer target type [-Wdiscarded-qualifiers]
  VDMAInit(DDR_FB, DISPLAY_COLUMNS);
           ^
In file included from ../src/helloworld.c:51:0:
../src/configure.h:57:6: note: expected 'unsigned int *' but argument is of type 'volatile unsigned int *'
 void VDMAInit(unsigned int * buffer, int display_columns)
      ^
../src/helloworld.c:253:15: warning: assignment makes pointer from integer without a cast [-Wint-conversion]
      draw_pos = (int)DDR_FB + ((y0+j)<<12) + ((x0+i)<<2);
               ^
'Finished building: ../src/helloworld.c'
' '
'Building target: test.elf'
'Invoking: MicroBlaze gcc linker'
mb-gcc -Wl,-T -Wl,../src/lscript.ld -L../../test_bsp/microblaze_0/lib -mlittle-endian -mcpu=v9.6 -mxl-soft-mul -Wl,--no-relax -o "test.elf"  ./src/helloworld.o ./src/md5.o ./src/platform.o   -Wl,--start-group,-lxil,-lgcc,-lc,--end-group
'Finished building target: test.elf'
' '
'Invoking: MicroBlaze Print Size'
mb-size test.elf  |tee "test.elf.size"
   text	   data	    bss	    dec	    hex	filename
  32588	    416	   3124	  36128	   8d20	test.elf
'Finished building: test.elf.size'
' '
16:24:34 **** Incremental Build of configuration Debug for project test ****
make all 
make: Nothing to be done for `all'.
16:27:07 **** Auto Build of configuration Debug for project test ****
make all 
'Building file: ../src/helloworld.c'
'Invoking: MicroBlaze gcc compiler'
mb-gcc -Wall -O0 -g3 -c -fmessage-length=0 -MT"src/helloworld.o" -I../../test_bsp/microblaze_0/include -mlittle-endian -mcpu=v9.6 -mxl-soft-mul -Wl,--no-relax -MMD -MP -MF"src/helloworld.d" -MT"src/helloworld.o" -o "src/helloworld.o" "../src/helloworld.c"
In file included from ../src/helloworld.c:51:0:
../src/configure.h: In function 'drawsquare':
../src/configure.h:140:13: warning: assignment makes pointer from integer without a cast [-Wint-conversion]
    draw_pos = (int)DDR_FB + ((y+i)<<12) + ((x+j)<<2);
             ^
../src/configure.h: In function 'drawline':
../src/configure.h:152:12: warning: assignment makes pointer from integer without a cast [-Wint-conversion]
   draw_pos = (int)DDR_FB+(y0<<12)+(i<<2);
            ^
../src/configure.h:157:12: warning: assignment makes pointer from integer without a cast [-Wint-conversion]
   draw_pos = (int)DDR_FB+(i<<12)+(x1<<2);
            ^
../src/configure.h:162:12: warning: assignment makes pointer from integer without a cast [-Wint-conversion]
   draw_pos = (int)DDR_FB+(y1<<12)+(i<<2);
            ^
../src/configure.h:167:12: warning: assignment makes pointer from integer without a cast [-Wint-conversion]
   draw_pos = (int)DDR_FB+(i<<12)+(x0<<2);
            ^
../src/helloworld.c: In function 'start_stamp':
../src/helloworld.c:207:11: warning: passing argument 1 of 'VDMAInit' discards 'volatile' qualifier from pointer target type [-Wdiscarded-qualifiers]
  VDMAInit(DDR_FB, DISPLAY_COLUMNS);
           ^
In file included from ../src/helloworld.c:51:0:
../src/configure.h:57:6: note: expected 'unsigned int *' but argument is of type 'volatile unsigned int *'
 void VDMAInit(unsigned int * buffer, int display_columns)
      ^
../src/helloworld.c:253:15: warning: assignment makes pointer from integer without a cast [-Wint-conversion]
      draw_pos = (int)DDR_FB + ((y0+j)<<12) + ((x0+i)<<2);
               ^
'Finished building: ../src/helloworld.c'
' '
'Building target: test.elf'
'Invoking: MicroBlaze gcc linker'
mb-gcc -Wl,-T -Wl,../src/lscript.ld -L../../test_bsp/microblaze_0/lib -mlittle-endian -mcpu=v9.6 -mxl-soft-mul -Wl,--no-relax -o "test.elf"  ./src/helloworld.o ./src/md5.o ./src/platform.o   -Wl,--start-group,-lxil,-lgcc,-lc,--end-group
'Finished building target: test.elf'
' '
'Invoking: MicroBlaze Print Size'
mb-size test.elf  |tee "test.elf.size"
   text	   data	    bss	    dec	    hex	filename
  32628	    416	   3124	  36168	   8d48	test.elf
'Finished building: test.elf.size'
' '
16:27:10 **** Incremental Build of configuration Debug for project test ****
make all 
make: Nothing to be done for `all'.
16:27:41 **** Auto Build of configuration Debug for project test ****
make all 
'Building file: ../src/helloworld.c'
'Invoking: MicroBlaze gcc compiler'
mb-gcc -Wall -O0 -g3 -c -fmessage-length=0 -MT"src/helloworld.o" -I../../test_bsp/microblaze_0/include -mlittle-endian -mcpu=v9.6 -mxl-soft-mul -Wl,--no-relax -MMD -MP -MF"src/helloworld.d" -MT"src/helloworld.o" -o "src/helloworld.o" "../src/helloworld.c"
In file included from ../src/helloworld.c:51:0:
../src/configure.h: In function 'drawsquare':
../src/configure.h:140:13: warning: assignment makes pointer from integer without a cast [-Wint-conversion]
    draw_pos = (int)DDR_FB + ((y+i)<<12) + ((x+j)<<2);
             ^
../src/configure.h: In function 'drawline':
../src/configure.h:152:12: warning: assignment makes pointer from integer without a cast [-Wint-conversion]
   draw_pos = (int)DDR_FB+(y0<<12)+(i<<2);
            ^
../src/configure.h:157:12: warning: assignment makes pointer from integer without a cast [-Wint-conversion]
   draw_pos = (int)DDR_FB+(i<<12)+(x1<<2);
            ^
../src/configure.h:162:12: warning: assignment makes pointer from integer without a cast [-Wint-conversion]
   draw_pos = (int)DDR_FB+(y1<<12)+(i<<2);
            ^
../src/configure.h:167:12: warning: assignment makes pointer from integer without a cast [-Wint-conversion]
   draw_pos = (int)DDR_FB+(i<<12)+(x0<<2);
            ^
../src/helloworld.c: In function 'start_stamp':
../src/helloworld.c:207:11: warning: passing argument 1 of 'VDMAInit' discards 'volatile' qualifier from pointer target type [-Wdiscarded-qualifiers]
  VDMAInit(DDR_FB, DISPLAY_COLUMNS);
           ^
In file included from ../src/helloworld.c:51:0:
../src/configure.h:57:6: note: expected 'unsigned int *' but argument is of type 'volatile unsigned int *'
 void VDMAInit(unsigned int * buffer, int display_columns)
      ^
../src/helloworld.c:253:15: warning: assignment makes pointer from integer without a cast [-Wint-conversion]
      draw_pos = (int)DDR_FB + ((y0+j)<<12) + ((x0+i)<<2);
               ^
'Finished building: ../src/helloworld.c'
' '
'Building target: test.elf'
'Invoking: MicroBlaze gcc linker'
mb-gcc -Wl,-T -Wl,../src/lscript.ld -L../../test_bsp/microblaze_0/lib -mlittle-endian -mcpu=v9.6 -mxl-soft-mul -Wl,--no-relax -o "test.elf"  ./src/helloworld.o ./src/md5.o ./src/platform.o   -Wl,--start-group,-lxil,-lgcc,-lc,--end-group
'Finished building target: test.elf'
' '
'Invoking: MicroBlaze Print Size'
mb-size test.elf  |tee "test.elf.size"
   text	   data	    bss	    dec	    hex	filename
  32624	    416	   3120	  36160	   8d40	test.elf
'Finished building: test.elf.size'
' '
16:27:44 **** Incremental Build of configuration Debug for project test ****
make all 
make: Nothing to be done for `all'.
16:28:27 **** Auto Build of configuration Debug for project test ****
make all 
'Building file: ../src/helloworld.c'
'Invoking: MicroBlaze gcc compiler'
mb-gcc -Wall -O0 -g3 -c -fmessage-length=0 -MT"src/helloworld.o" -I../../test_bsp/microblaze_0/include -mlittle-endian -mcpu=v9.6 -mxl-soft-mul -Wl,--no-relax -MMD -MP -MF"src/helloworld.d" -MT"src/helloworld.o" -o "src/helloworld.o" "../src/helloworld.c"
In file included from ../src/helloworld.c:51:0:
../src/configure.h: In function 'drawsquare':
../src/configure.h:140:13: warning: assignment makes pointer from integer without a cast [-Wint-conversion]
    draw_pos = (int)DDR_FB + ((y+i)<<12) + ((x+j)<<2);
             ^
../src/configure.h: In function 'drawline':
../src/configure.h:152:12: warning: assignment makes pointer from integer without a cast [-Wint-conversion]
   draw_pos = (int)DDR_FB+(y0<<12)+(i<<2);
            ^
../src/configure.h:157:12: warning: assignment makes pointer from integer without a cast [-Wint-conversion]
   draw_pos = (int)DDR_FB+(i<<12)+(x1<<2);
            ^
../src/configure.h:162:12: warning: assignment makes pointer from integer without a cast [-Wint-conversion]
   draw_pos = (int)DDR_FB+(y1<<12)+(i<<2);
            ^
../src/configure.h:167:12: warning: assignment makes pointer from integer without a cast [-Wint-conversion]
   draw_pos = (int)DDR_FB+(i<<12)+(x0<<2);
            ^
../src/helloworld.c: In function 'start_stamp':
../src/helloworld.c:207:11: warning: passing argument 1 of 'VDMAInit' discards 'volatile' qualifier from pointer target type [-Wdiscarded-qualifiers]
  VDMAInit(DDR_FB, DISPLAY_COLUMNS);
           ^
In file included from ../src/helloworld.c:51:0:
../src/configure.h:57:6: note: expected 'unsigned int *' but argument is of type 'volatile unsigned int *'
 void VDMAInit(unsigned int * buffer, int display_columns)
      ^
../src/helloworld.c:253:15: warning: assignment makes pointer from integer without a cast [-Wint-conversion]
      draw_pos = (int)DDR_FB + ((y0+j)<<12) + ((x0+i)<<2);
               ^
'Finished building: ../src/helloworld.c'
' '
'Building target: test.elf'
'Invoking: MicroBlaze gcc linker'
mb-gcc -Wl,-T -Wl,../src/lscript.ld -L../../test_bsp/microblaze_0/lib -mlittle-endian -mcpu=v9.6 -mxl-soft-mul -Wl,--no-relax -o "test.elf"  ./src/helloworld.o ./src/md5.o ./src/platform.o   -Wl,--start-group,-lxil,-lgcc,-lc,--end-group
'Finished building target: test.elf'
' '
'Invoking: MicroBlaze Print Size'
mb-size test.elf  |tee "test.elf.size"
   text	   data	    bss	    dec	    hex	filename
  32616	    416	   3120	  36152	   8d38	test.elf
'Finished building: test.elf.size'
' '
16:28:29 **** Incremental Build of configuration Debug for project test ****
make all 
make: Nothing to be done for `all'.
16:31:23 **** Auto Build of configuration Debug for project test ****
make all 
'Building file: ../src/helloworld.c'
'Invoking: MicroBlaze gcc compiler'
mb-gcc -Wall -O0 -g3 -c -fmessage-length=0 -MT"src/helloworld.o" -I../../test_bsp/microblaze_0/include -mlittle-endian -mcpu=v9.6 -mxl-soft-mul -Wl,--no-relax -MMD -MP -MF"src/helloworld.d" -MT"src/helloworld.o" -o "src/helloworld.o" "../src/helloworld.c"
In file included from ../src/helloworld.c:51:0:
../src/configure.h: In function 'drawsquare':
../src/configure.h:140:13: warning: assignment makes pointer from integer without a cast [-Wint-conversion]
    draw_pos = (int)DDR_FB + ((y+i)<<12) + ((x+j)<<2);
             ^
../src/configure.h: In function 'drawline':
../src/configure.h:152:12: warning: assignment makes pointer from integer without a cast [-Wint-conversion]
   draw_pos = (int)DDR_FB+(y0<<12)+(i<<2);
            ^
../src/configure.h:157:12: warning: assignment makes pointer from integer without a cast [-Wint-conversion]
   draw_pos = (int)DDR_FB+(i<<12)+(x1<<2);
            ^
../src/configure.h:162:12: warning: assignment makes pointer from integer without a cast [-Wint-conversion]
   draw_pos = (int)DDR_FB+(y1<<12)+(i<<2);
            ^
../src/configure.h:167:12: warning: assignment makes pointer from integer without a cast [-Wint-conversion]
   draw_pos = (int)DDR_FB+(i<<12)+(x0<<2);
            ^
../src/helloworld.c: In function 'start_stamp':
../src/helloworld.c:207:11: warning: passing argument 1 of 'VDMAInit' discards 'volatile' qualifier from pointer target type [-Wdiscarded-qualifiers]
  VDMAInit(DDR_FB, DISPLAY_COLUMNS);
           ^
In file included from ../src/helloworld.c:51:0:
../src/configure.h:57:6: note: expected 'unsigned int *' but argument is of type 'volatile unsigned int *'
 void VDMAInit(unsigned int * buffer, int display_columns)
      ^
../src/helloworld.c:253:15: warning: assignment makes pointer from integer without a cast [-Wint-conversion]
      draw_pos = (int)DDR_FB + ((y0+i)<<12) + ((x0+j)<<2);
               ^
'Finished building: ../src/helloworld.c'
' '
'Building target: test.elf'
'Invoking: MicroBlaze gcc linker'
mb-gcc -Wl,-T -Wl,../src/lscript.ld -L../../test_bsp/microblaze_0/lib -mlittle-endian -mcpu=v9.6 -mxl-soft-mul -Wl,--no-relax -o "test.elf"  ./src/helloworld.o ./src/md5.o ./src/platform.o   -Wl,--start-group,-lxil,-lgcc,-lc,--end-group
'Finished building target: test.elf'
' '
'Invoking: MicroBlaze Print Size'
mb-size test.elf  |tee "test.elf.size"
   text	   data	    bss	    dec	    hex	filename
  32616	    416	   3120	  36152	   8d38	test.elf
'Finished building: test.elf.size'
' '
16:31:31 **** Auto Build of configuration Debug for project test ****
make all 
'Building file: ../src/helloworld.c'
'Invoking: MicroBlaze gcc compiler'
mb-gcc -Wall -O0 -g3 -c -fmessage-length=0 -MT"src/helloworld.o" -I../../test_bsp/microblaze_0/include -mlittle-endian -mcpu=v9.6 -mxl-soft-mul -Wl,--no-relax -MMD -MP -MF"src/helloworld.d" -MT"src/helloworld.o" -o "src/helloworld.o" "../src/helloworld.c"
In file included from ../src/helloworld.c:51:0:
../src/configure.h: In function 'drawsquare':
../src/configure.h:140:13: warning: assignment makes pointer from integer without a cast [-Wint-conversion]
    draw_pos = (int)DDR_FB + ((y+i)<<12) + ((x+j)<<2);
             ^
../src/configure.h: In function 'drawline':
../src/configure.h:152:12: warning: assignment makes pointer from integer without a cast [-Wint-conversion]
   draw_pos = (int)DDR_FB+(y0<<12)+(i<<2);
            ^
../src/configure.h:157:12: warning: assignment makes pointer from integer without a cast [-Wint-conversion]
   draw_pos = (int)DDR_FB+(i<<12)+(x1<<2);
            ^
../src/configure.h:162:12: warning: assignment makes pointer from integer without a cast [-Wint-conversion]
   draw_pos = (int)DDR_FB+(y1<<12)+(i<<2);
            ^
../src/configure.h:167:12: warning: assignment makes pointer from integer without a cast [-Wint-conversion]
   draw_pos = (int)DDR_FB+(i<<12)+(x0<<2);
            ^
../src/helloworld.c: In function 'start_stamp':
../src/helloworld.c:207:11: warning: passing argument 1 of 'VDMAInit' discards 'volatile' qualifier from pointer target type [-Wdiscarded-qualifiers]
  VDMAInit(DDR_FB, DISPLAY_COLUMNS);
           ^
In file included from ../src/helloworld.c:51:0:
../src/configure.h:57:6: note: expected 'unsigned int *' but argument is of type 'volatile unsigned int *'
 void VDMAInit(unsigned int * buffer, int display_columns)
      ^
../src/helloworld.c:253:15: warning: assignment makes pointer from integer without a cast [-Wint-conversion]
      draw_pos = (int)DDR_FB + ((y0+i)<<12) + ((x0+j)<<2);
               ^
'Finished building: ../src/helloworld.c'
' '
'Building target: test.elf'
'Invoking: MicroBlaze gcc linker'
mb-gcc -Wl,-T -Wl,../src/lscript.ld -L../../test_bsp/microblaze_0/lib -mlittle-endian -mcpu=v9.6 -mxl-soft-mul -Wl,--no-relax -o "test.elf"  ./src/helloworld.o ./src/md5.o ./src/platform.o   -Wl,--start-group,-lxil,-lgcc,-lc,--end-group
'Finished building target: test.elf'
' '
'Invoking: MicroBlaze Print Size'
mb-size test.elf  |tee "test.elf.size"
   text	   data	    bss	    dec	    hex	filename
  32588	    416	   3124	  36128	   8d20	test.elf
'Finished building: test.elf.size'
' '
16:31:34 **** Incremental Build of configuration Debug for project test ****
make all 
make: Nothing to be done for `all'.
16:32:09 **** Auto Build of configuration Debug for project test ****
make all 
'Building file: ../src/helloworld.c'
'Invoking: MicroBlaze gcc compiler'
mb-gcc -Wall -O0 -g3 -c -fmessage-length=0 -MT"src/helloworld.o" -I../../test_bsp/microblaze_0/include -mlittle-endian -mcpu=v9.6 -mxl-soft-mul -Wl,--no-relax -MMD -MP -MF"src/helloworld.d" -MT"src/helloworld.o" -o "src/helloworld.o" "../src/helloworld.c"
In file included from ../src/helloworld.c:51:0:
../src/configure.h: In function 'drawsquare':
../src/configure.h:140:13: warning: assignment makes pointer from integer without a cast [-Wint-conversion]
    draw_pos = (int)DDR_FB + ((y+i)<<12) + ((x+j)<<2);
             ^
../src/configure.h: In function 'drawline':
../src/configure.h:152:12: warning: assignment makes pointer from integer without a cast [-Wint-conversion]
   draw_pos = (int)DDR_FB+(y0<<12)+(i<<2);
            ^
../src/configure.h:157:12: warning: assignment makes pointer from integer without a cast [-Wint-conversion]
   draw_pos = (int)DDR_FB+(i<<12)+(x1<<2);
            ^
../src/configure.h:162:12: warning: assignment makes pointer from integer without a cast [-Wint-conversion]
   draw_pos = (int)DDR_FB+(y1<<12)+(i<<2);
            ^
../src/configure.h:167:12: warning: assignment makes pointer from integer without a cast [-Wint-conversion]
   draw_pos = (int)DDR_FB+(i<<12)+(x0<<2);
            ^
../src/helloworld.c: In function 'start_stamp':
../src/helloworld.c:207:11: warning: passing argument 1 of 'VDMAInit' discards 'volatile' qualifier from pointer target type [-Wdiscarded-qualifiers]
  VDMAInit(DDR_FB, DISPLAY_COLUMNS);
           ^
In file included from ../src/helloworld.c:51:0:
../src/configure.h:57:6: note: expected 'unsigned int *' but argument is of type 'volatile unsigned int *'
 void VDMAInit(unsigned int * buffer, int display_columns)
      ^
../src/helloworld.c:253:15: warning: assignment makes pointer from integer without a cast [-Wint-conversion]
      draw_pos = (int)DDR_FB + ((y0-i)<<12) + ((x0+j)<<2);
               ^
'Finished building: ../src/helloworld.c'
' '
'Building target: test.elf'
'Invoking: MicroBlaze gcc linker'
mb-gcc -Wl,-T -Wl,../src/lscript.ld -L../../test_bsp/microblaze_0/lib -mlittle-endian -mcpu=v9.6 -mxl-soft-mul -Wl,--no-relax -o "test.elf"  ./src/helloworld.o ./src/md5.o ./src/platform.o   -Wl,--start-group,-lxil,-lgcc,-lc,--end-group
'Finished building target: test.elf'
' '
'Invoking: MicroBlaze Print Size'
mb-size test.elf  |tee "test.elf.size"
   text	   data	    bss	    dec	    hex	filename
  32588	    416	   3124	  36128	   8d20	test.elf
'Finished building: test.elf.size'
' '
16:32:11 **** Incremental Build of configuration Debug for project test ****
make all 
make: Nothing to be done for `all'.
16:32:56 **** Auto Build of configuration Debug for project test ****
make all 
'Building file: ../src/helloworld.c'
'Invoking: MicroBlaze gcc compiler'
mb-gcc -Wall -O0 -g3 -c -fmessage-length=0 -MT"src/helloworld.o" -I../../test_bsp/microblaze_0/include -mlittle-endian -mcpu=v9.6 -mxl-soft-mul -Wl,--no-relax -MMD -MP -MF"src/helloworld.d" -MT"src/helloworld.o" -o "src/helloworld.o" "../src/helloworld.c"
In file included from ../src/helloworld.c:51:0:
../src/configure.h: In function 'drawsquare':
../src/configure.h:140:13: warning: assignment makes pointer from integer without a cast [-Wint-conversion]
    draw_pos = (int)DDR_FB + ((y+i)<<12) + ((x+j)<<2);
             ^
../src/configure.h: In function 'drawline':
../src/configure.h:152:12: warning: assignment makes pointer from integer without a cast [-Wint-conversion]
   draw_pos = (int)DDR_FB+(y0<<12)+(i<<2);
            ^
../src/configure.h:157:12: warning: assignment makes pointer from integer without a cast [-Wint-conversion]
   draw_pos = (int)DDR_FB+(i<<12)+(x1<<2);
            ^
../src/configure.h:162:12: warning: assignment makes pointer from integer without a cast [-Wint-conversion]
   draw_pos = (int)DDR_FB+(y1<<12)+(i<<2);
            ^
../src/configure.h:167:12: warning: assignment makes pointer from integer without a cast [-Wint-conversion]
   draw_pos = (int)DDR_FB+(i<<12)+(x0<<2);
            ^
../src/helloworld.c: In function 'start_stamp':
../src/helloworld.c:207:11: warning: passing argument 1 of 'VDMAInit' discards 'volatile' qualifier from pointer target type [-Wdiscarded-qualifiers]
  VDMAInit(DDR_FB, DISPLAY_COLUMNS);
           ^
In file included from ../src/helloworld.c:51:0:
../src/configure.h:57:6: note: expected 'unsigned int *' but argument is of type 'volatile unsigned int *'
 void VDMAInit(unsigned int * buffer, int display_columns)
      ^
../src/helloworld.c:253:15: warning: assignment makes pointer from integer without a cast [-Wint-conversion]
      draw_pos = (int)DDR_FB + ((y0+i-240)<<12) + ((x0+j)<<2);
               ^
'Finished building: ../src/helloworld.c'
' '
'Building target: test.elf'
'Invoking: MicroBlaze gcc linker'
mb-gcc -Wl,-T -Wl,../src/lscript.ld -L../../test_bsp/microblaze_0/lib -mlittle-endian -mcpu=v9.6 -mxl-soft-mul -Wl,--no-relax -o "test.elf"  ./src/helloworld.o ./src/md5.o ./src/platform.o   -Wl,--start-group,-lxil,-lgcc,-lc,--end-group
'Finished building target: test.elf'
' '
'Invoking: MicroBlaze Print Size'
mb-size test.elf  |tee "test.elf.size"
   text	   data	    bss	    dec	    hex	filename
  32588	    416	   3124	  36128	   8d20	test.elf
'Finished building: test.elf.size'
' '
16:32:59 **** Incremental Build of configuration Debug for project test ****
make all 
make: Nothing to be done for `all'.
16:34:56 **** Incremental Build of configuration Debug for project test ****
make all 
make: Nothing to be done for `all'.
16:38:26 **** Incremental Build of configuration Debug for project test ****
make all 
make: Nothing to be done for `all'.
16:39:28 **** Auto Build of configuration Debug for project test ****
make all 
'Building file: ../src/helloworld.c'
'Invoking: MicroBlaze gcc compiler'
mb-gcc -Wall -O0 -g3 -c -fmessage-length=0 -MT"src/helloworld.o" -I../../test_bsp/microblaze_0/include -mlittle-endian -mcpu=v9.6 -mxl-soft-mul -Wl,--no-relax -MMD -MP -MF"src/helloworld.d" -MT"src/helloworld.o" -o "src/helloworld.o" "../src/helloworld.c"
In file included from ../src/helloworld.c:51:0:
../src/configure.h: In function 'drawsquare':
../src/configure.h:140:13: warning: assignment makes pointer from integer without a cast [-Wint-conversion]
    draw_pos = (int)DDR_FB + ((y+i)<<12) + ((x+j)<<2);
             ^
../src/configure.h: In function 'drawline':
../src/configure.h:152:12: warning: assignment makes pointer from integer without a cast [-Wint-conversion]
   draw_pos = (int)DDR_FB+(y0<<12)+(i<<2);
            ^
../src/configure.h:157:12: warning: assignment makes pointer from integer without a cast [-Wint-conversion]
   draw_pos = (int)DDR_FB+(i<<12)+(x1<<2);
            ^
../src/configure.h:162:12: warning: assignment makes pointer from integer without a cast [-Wint-conversion]
   draw_pos = (int)DDR_FB+(y1<<12)+(i<<2);
            ^
../src/configure.h:167:12: warning: assignment makes pointer from integer without a cast [-Wint-conversion]
   draw_pos = (int)DDR_FB+(i<<12)+(x0<<2);
            ^
../src/helloworld.c: In function 'start_stamp':
../src/helloworld.c:207:11: warning: passing argument 1 of 'VDMAInit' discards 'volatile' qualifier from pointer target type [-Wdiscarded-qualifiers]
  VDMAInit(DDR_FB, DISPLAY_COLUMNS);
           ^
In file included from ../src/helloworld.c:51:0:
../src/configure.h:57:6: note: expected 'unsigned int *' but argument is of type 'volatile unsigned int *'
 void VDMAInit(unsigned int * buffer, int display_columns)
      ^
../src/helloworld.c:253:15: warning: assignment makes pointer from integer without a cast [-Wint-conversion]
      draw_pos = (int)DDR_FB + ((y0+i)<<2) + ((x0+j)<<12);
               ^
'Finished building: ../src/helloworld.c'
' '
'Building target: test.elf'
'Invoking: MicroBlaze gcc linker'
mb-gcc -Wl,-T -Wl,../src/lscript.ld -L../../test_bsp/microblaze_0/lib -mlittle-endian -mcpu=v9.6 -mxl-soft-mul -Wl,--no-relax -o "test.elf"  ./src/helloworld.o ./src/md5.o ./src/platform.o   -Wl,--start-group,-lxil,-lgcc,-lc,--end-group
'Finished building target: test.elf'
' '
'Invoking: MicroBlaze Print Size'
mb-size test.elf  |tee "test.elf.size"
   text	   data	    bss	    dec	    hex	filename
  32588	    416	   3124	  36128	   8d20	test.elf
'Finished building: test.elf.size'
' '
16:39:32 **** Incremental Build of configuration Debug for project test ****
make all 
make: Nothing to be done for `all'.
16:39:59 **** Auto Build of configuration Debug for project test ****
make all 
'Building file: ../src/helloworld.c'
'Invoking: MicroBlaze gcc compiler'
mb-gcc -Wall -O0 -g3 -c -fmessage-length=0 -MT"src/helloworld.o" -I../../test_bsp/microblaze_0/include -mlittle-endian -mcpu=v9.6 -mxl-soft-mul -Wl,--no-relax -MMD -MP -MF"src/helloworld.d" -MT"src/helloworld.o" -o "src/helloworld.o" "../src/helloworld.c"
In file included from ../src/helloworld.c:51:0:
../src/configure.h: In function 'drawsquare':
../src/configure.h:140:13: warning: assignment makes pointer from integer without a cast [-Wint-conversion]
    draw_pos = (int)DDR_FB + ((y+i)<<12) + ((x+j)<<2);
             ^
../src/configure.h: In function 'drawline':
../src/configure.h:152:12: warning: assignment makes pointer from integer without a cast [-Wint-conversion]
   draw_pos = (int)DDR_FB+(y0<<12)+(i<<2);
            ^
../src/configure.h:157:12: warning: assignment makes pointer from integer without a cast [-Wint-conversion]
   draw_pos = (int)DDR_FB+(i<<12)+(x1<<2);
            ^
../src/configure.h:162:12: warning: assignment makes pointer from integer without a cast [-Wint-conversion]
   draw_pos = (int)DDR_FB+(y1<<12)+(i<<2);
            ^
../src/configure.h:167:12: warning: assignment makes pointer from integer without a cast [-Wint-conversion]
   draw_pos = (int)DDR_FB+(i<<12)+(x0<<2);
            ^
../src/helloworld.c: In function 'start_stamp':
../src/helloworld.c:207:11: warning: passing argument 1 of 'VDMAInit' discards 'volatile' qualifier from pointer target type [-Wdiscarded-qualifiers]
  VDMAInit(DDR_FB, DISPLAY_COLUMNS);
           ^
In file included from ../src/helloworld.c:51:0:
../src/configure.h:57:6: note: expected 'unsigned int *' but argument is of type 'volatile unsigned int *'
 void VDMAInit(unsigned int * buffer, int display_columns)
      ^
../src/helloworld.c:253:15: warning: assignment makes pointer from integer without a cast [-Wint-conversion]
      draw_pos = (int)DDR_FB + ((y0+j)<<2) + ((x0+i)<<12);
               ^
'Finished building: ../src/helloworld.c'
' '
'Building target: test.elf'
'Invoking: MicroBlaze gcc linker'
mb-gcc -Wl,-T -Wl,../src/lscript.ld -L../../test_bsp/microblaze_0/lib -mlittle-endian -mcpu=v9.6 -mxl-soft-mul -Wl,--no-relax -o "test.elf"  ./src/helloworld.o ./src/md5.o ./src/platform.o   -Wl,--start-group,-lxil,-lgcc,-lc,--end-group
'Finished building target: test.elf'
' '
'Invoking: MicroBlaze Print Size'
mb-size test.elf  |tee "test.elf.size"
   text	   data	    bss	    dec	    hex	filename
  32588	    416	   3124	  36128	   8d20	test.elf
'Finished building: test.elf.size'
' '
16:40:01 **** Incremental Build of configuration Debug for project test ****
make all 
make: Nothing to be done for `all'.
16:41:03 **** Auto Build of configuration Debug for project test ****
make all 
'Building file: ../src/helloworld.c'
'Invoking: MicroBlaze gcc compiler'
mb-gcc -Wall -O0 -g3 -c -fmessage-length=0 -MT"src/helloworld.o" -I../../test_bsp/microblaze_0/include -mlittle-endian -mcpu=v9.6 -mxl-soft-mul -Wl,--no-relax -MMD -MP -MF"src/helloworld.d" -MT"src/helloworld.o" -o "src/helloworld.o" "../src/helloworld.c"
In file included from ../src/helloworld.c:51:0:
../src/configure.h: In function 'drawsquare':
../src/configure.h:140:13: warning: assignment makes pointer from integer without a cast [-Wint-conversion]
    draw_pos = (int)DDR_FB + ((y+i)<<12) + ((x+j)<<2);
             ^
../src/configure.h: In function 'drawline':
../src/configure.h:152:12: warning: assignment makes pointer from integer without a cast [-Wint-conversion]
   draw_pos = (int)DDR_FB+(y0<<12)+(i<<2);
            ^
../src/configure.h:157:12: warning: assignment makes pointer from integer without a cast [-Wint-conversion]
   draw_pos = (int)DDR_FB+(i<<12)+(x1<<2);
            ^
../src/configure.h:162:12: warning: assignment makes pointer from integer without a cast [-Wint-conversion]
   draw_pos = (int)DDR_FB+(y1<<12)+(i<<2);
            ^
../src/configure.h:167:12: warning: assignment makes pointer from integer without a cast [-Wint-conversion]
   draw_pos = (int)DDR_FB+(i<<12)+(x0<<2);
            ^
../src/helloworld.c: In function 'start_stamp':
../src/helloworld.c:207:11: warning: passing argument 1 of 'VDMAInit' discards 'volatile' qualifier from pointer target type [-Wdiscarded-qualifiers]
  VDMAInit(DDR_FB, DISPLAY_COLUMNS);
           ^
In file included from ../src/helloworld.c:51:0:
../src/configure.h:57:6: note: expected 'unsigned int *' but argument is of type 'volatile unsigned int *'
 void VDMAInit(unsigned int * buffer, int display_columns)
      ^
../src/helloworld.c:253:15: warning: assignment makes pointer from integer without a cast [-Wint-conversion]
      draw_pos = (int)DDR_FB + ((y0+j)<<2) + ((x0+i)<<12);
               ^
'Finished building: ../src/helloworld.c'
' '
'Building target: test.elf'
'Invoking: MicroBlaze gcc linker'
mb-gcc -Wl,-T -Wl,../src/lscript.ld -L../../test_bsp/microblaze_0/lib -mlittle-endian -mcpu=v9.6 -mxl-soft-mul -Wl,--no-relax -o "test.elf"  ./src/helloworld.o ./src/md5.o ./src/platform.o   -Wl,--start-group,-lxil,-lgcc,-lc,--end-group
'Finished building target: test.elf'
' '
'Invoking: MicroBlaze Print Size'
mb-size test.elf  |tee "test.elf.size"
   text	   data	    bss	    dec	    hex	filename
  32584	    416	   3120	  36120	   8d18	test.elf
'Finished building: test.elf.size'
' '
16:41:05 **** Incremental Build of configuration Debug for project test ****
make all 
make: Nothing to be done for `all'.
16:41:28 **** Auto Build of configuration Debug for project test ****
make all 
'Building file: ../src/helloworld.c'
'Invoking: MicroBlaze gcc compiler'
mb-gcc -Wall -O0 -g3 -c -fmessage-length=0 -MT"src/helloworld.o" -I../../test_bsp/microblaze_0/include -mlittle-endian -mcpu=v9.6 -mxl-soft-mul -Wl,--no-relax -MMD -MP -MF"src/helloworld.d" -MT"src/helloworld.o" -o "src/helloworld.o" "../src/helloworld.c"
In file included from ../src/helloworld.c:51:0:
../src/configure.h: In function 'drawsquare':
../src/configure.h:140:13: warning: assignment makes pointer from integer without a cast [-Wint-conversion]
    draw_pos = (int)DDR_FB + ((y+i)<<12) + ((x+j)<<2);
             ^
../src/configure.h: In function 'drawline':
../src/configure.h:152:12: warning: assignment makes pointer from integer without a cast [-Wint-conversion]
   draw_pos = (int)DDR_FB+(y0<<12)+(i<<2);
            ^
../src/configure.h:157:12: warning: assignment makes pointer from integer without a cast [-Wint-conversion]
   draw_pos = (int)DDR_FB+(i<<12)+(x1<<2);
            ^
../src/configure.h:162:12: warning: assignment makes pointer from integer without a cast [-Wint-conversion]
   draw_pos = (int)DDR_FB+(y1<<12)+(i<<2);
            ^
../src/configure.h:167:12: warning: assignment makes pointer from integer without a cast [-Wint-conversion]
   draw_pos = (int)DDR_FB+(i<<12)+(x0<<2);
            ^
../src/helloworld.c: In function 'start_stamp':
../src/helloworld.c:207:11: warning: passing argument 1 of 'VDMAInit' discards 'volatile' qualifier from pointer target type [-Wdiscarded-qualifiers]
  VDMAInit(DDR_FB, DISPLAY_COLUMNS);
           ^
In file included from ../src/helloworld.c:51:0:
../src/configure.h:57:6: note: expected 'unsigned int *' but argument is of type 'volatile unsigned int *'
 void VDMAInit(unsigned int * buffer, int display_columns)
      ^
../src/helloworld.c:253:15: warning: assignment makes pointer from integer without a cast [-Wint-conversion]
      draw_pos = (int)DDR_FB + ((y0+j)<<2) + ((x0+i)<<12);
               ^
'Finished building: ../src/helloworld.c'
' '
'Building target: test.elf'
'Invoking: MicroBlaze gcc linker'
mb-gcc -Wl,-T -Wl,../src/lscript.ld -L../../test_bsp/microblaze_0/lib -mlittle-endian -mcpu=v9.6 -mxl-soft-mul -Wl,--no-relax -o "test.elf"  ./src/helloworld.o ./src/md5.o ./src/platform.o   -Wl,--start-group,-lxil,-lgcc,-lc,--end-group
'Finished building target: test.elf'
' '
'Invoking: MicroBlaze Print Size'
mb-size test.elf  |tee "test.elf.size"
   text	   data	    bss	    dec	    hex	filename
  32588	    416	   3124	  36128	   8d20	test.elf
'Finished building: test.elf.size'
' '
16:42:14 **** Auto Build of configuration Debug for project test ****
make all 
'Building file: ../src/helloworld.c'
'Invoking: MicroBlaze gcc compiler'
mb-gcc -Wall -O0 -g3 -c -fmessage-length=0 -MT"src/helloworld.o" -I../../test_bsp/microblaze_0/include -mlittle-endian -mcpu=v9.6 -mxl-soft-mul -Wl,--no-relax -MMD -MP -MF"src/helloworld.d" -MT"src/helloworld.o" -o "src/helloworld.o" "../src/helloworld.c"
In file included from ../src/helloworld.c:51:0:
../src/configure.h: In function 'drawsquare':
../src/configure.h:140:13: warning: assignment makes pointer from integer without a cast [-Wint-conversion]
    draw_pos = (int)DDR_FB + ((y+i)<<12) + ((x+j)<<2);
             ^
../src/configure.h: In function 'drawline':
../src/configure.h:152:12: warning: assignment makes pointer from integer without a cast [-Wint-conversion]
   draw_pos = (int)DDR_FB+(y0<<12)+(i<<2);
            ^
../src/configure.h:157:12: warning: assignment makes pointer from integer without a cast [-Wint-conversion]
   draw_pos = (int)DDR_FB+(i<<12)+(x1<<2);
            ^
../src/configure.h:162:12: warning: assignment makes pointer from integer without a cast [-Wint-conversion]
   draw_pos = (int)DDR_FB+(y1<<12)+(i<<2);
            ^
../src/configure.h:167:12: warning: assignment makes pointer from integer without a cast [-Wint-conversion]
   draw_pos = (int)DDR_FB+(i<<12)+(x0<<2);
            ^
../src/helloworld.c: In function 'start_stamp':
../src/helloworld.c:207:11: warning: passing argument 1 of 'VDMAInit' discards 'volatile' qualifier from pointer target type [-Wdiscarded-qualifiers]
  VDMAInit(DDR_FB, DISPLAY_COLUMNS);
           ^
In file included from ../src/helloworld.c:51:0:
../src/configure.h:57:6: note: expected 'unsigned int *' but argument is of type 'volatile unsigned int *'
 void VDMAInit(unsigned int * buffer, int display_columns)
      ^
../src/helloworld.c:253:15: warning: assignment makes pointer from integer without a cast [-Wint-conversion]
      draw_pos = (int)DDR_FB + ((y0+j)<<2) + ((x0+i)<<12);
               ^
'Finished building: ../src/helloworld.c'
' '
'Building target: test.elf'
'Invoking: MicroBlaze gcc linker'
mb-gcc -Wl,-T -Wl,../src/lscript.ld -L../../test_bsp/microblaze_0/lib -mlittle-endian -mcpu=v9.6 -mxl-soft-mul -Wl,--no-relax -o "test.elf"  ./src/helloworld.o ./src/md5.o ./src/platform.o   -Wl,--start-group,-lxil,-lgcc,-lc,--end-group
'Finished building target: test.elf'
' '
'Invoking: MicroBlaze Print Size'
mb-size test.elf  |tee "test.elf.size"
   text	   data	    bss	    dec	    hex	filename
  32616	    416	   3120	  36152	   8d38	test.elf
'Finished building: test.elf.size'
' '
16:42:16 **** Incremental Build of configuration Debug for project test ****
make all 
make: Nothing to be done for `all'.
16:44:38 **** Auto Build of configuration Debug for project test ****
make all 
'Building file: ../src/helloworld.c'
'Invoking: MicroBlaze gcc compiler'
mb-gcc -Wall -O0 -g3 -c -fmessage-length=0 -MT"src/helloworld.o" -I../../test_bsp/microblaze_0/include -mlittle-endian -mcpu=v9.6 -mxl-soft-mul -Wl,--no-relax -MMD -MP -MF"src/helloworld.d" -MT"src/helloworld.o" -o "src/helloworld.o" "../src/helloworld.c"
In file included from ../src/helloworld.c:51:0:
../src/configure.h: In function 'drawsquare':
../src/configure.h:140:13: warning: assignment makes pointer from integer without a cast [-Wint-conversion]
    draw_pos = (int)DDR_FB + ((y+i)<<12) + ((x+j)<<2);
             ^
../src/configure.h: In function 'drawline':
../src/configure.h:152:12: warning: assignment makes pointer from integer without a cast [-Wint-conversion]
   draw_pos = (int)DDR_FB+(y0<<12)+(i<<2);
            ^
../src/configure.h:157:12: warning: assignment makes pointer from integer without a cast [-Wint-conversion]
   draw_pos = (int)DDR_FB+(i<<12)+(x1<<2);
            ^
../src/configure.h:162:12: warning: assignment makes pointer from integer without a cast [-Wint-conversion]
   draw_pos = (int)DDR_FB+(y1<<12)+(i<<2);
            ^
../src/configure.h:167:12: warning: assignment makes pointer from integer without a cast [-Wint-conversion]
   draw_pos = (int)DDR_FB+(i<<12)+(x0<<2);
            ^
../src/helloworld.c: In function 'start_stamp':
../src/helloworld.c:207:11: warning: passing argument 1 of 'VDMAInit' discards 'volatile' qualifier from pointer target type [-Wdiscarded-qualifiers]
  VDMAInit(DDR_FB, DISPLAY_COLUMNS);
           ^
In file included from ../src/helloworld.c:51:0:
../src/configure.h:57:6: note: expected 'unsigned int *' but argument is of type 'volatile unsigned int *'
 void VDMAInit(unsigned int * buffer, int display_columns)
      ^
../src/helloworld.c:253:15: warning: assignment makes pointer from integer without a cast [-Wint-conversion]
      draw_pos = (int)DDR_FB + ((y0+j)<<12) + ((x0+i)<<2);
               ^
'Finished building: ../src/helloworld.c'
' '
'Building target: test.elf'
'Invoking: MicroBlaze gcc linker'
mb-gcc -Wl,-T -Wl,../src/lscript.ld -L../../test_bsp/microblaze_0/lib -mlittle-endian -mcpu=v9.6 -mxl-soft-mul -Wl,--no-relax -o "test.elf"  ./src/helloworld.o ./src/md5.o ./src/platform.o   -Wl,--start-group,-lxil,-lgcc,-lc,--end-group
'Finished building target: test.elf'
' '
'Invoking: MicroBlaze Print Size'
mb-size test.elf  |tee "test.elf.size"
   text	   data	    bss	    dec	    hex	filename
  32616	    416	   3120	  36152	   8d38	test.elf
'Finished building: test.elf.size'
' '
16:44:42 **** Incremental Build of configuration Debug for project test ****
make all 
make: Nothing to be done for `all'.
16:45:02 **** Incremental Build of configuration Debug for project test ****
make all 
make: Nothing to be done for `all'.
16:45:12 **** Auto Build of configuration Debug for project test ****
make all 
'Building file: ../src/helloworld.c'
'Invoking: MicroBlaze gcc compiler'
mb-gcc -Wall -O0 -g3 -c -fmessage-length=0 -MT"src/helloworld.o" -I../../test_bsp/microblaze_0/include -mlittle-endian -mcpu=v9.6 -mxl-soft-mul -Wl,--no-relax -MMD -MP -MF"src/helloworld.d" -MT"src/helloworld.o" -o "src/helloworld.o" "../src/helloworld.c"
In file included from ../src/helloworld.c:51:0:
../src/configure.h: In function 'drawsquare':
../src/configure.h:140:13: warning: assignment makes pointer from integer without a cast [-Wint-conversion]
    draw_pos = (int)DDR_FB + ((y+i)<<12) + ((x+j)<<2);
             ^
../src/configure.h: In function 'drawline':
../src/configure.h:152:12: warning: assignment makes pointer from integer without a cast [-Wint-conversion]
   draw_pos = (int)DDR_FB+(y0<<12)+(i<<2);
            ^
../src/configure.h:157:12: warning: assignment makes pointer from integer without a cast [-Wint-conversion]
   draw_pos = (int)DDR_FB+(i<<12)+(x1<<2);
            ^
../src/configure.h:162:12: warning: assignment makes pointer from integer without a cast [-Wint-conversion]
   draw_pos = (int)DDR_FB+(y1<<12)+(i<<2);
            ^
../src/configure.h:167:12: warning: assignment makes pointer from integer without a cast [-Wint-conversion]
   draw_pos = (int)DDR_FB+(i<<12)+(x0<<2);
            ^
../src/helloworld.c: In function 'start_stamp':
../src/helloworld.c:207:11: warning: passing argument 1 of 'VDMAInit' discards 'volatile' qualifier from pointer target type [-Wdiscarded-qualifiers]
  VDMAInit(DDR_FB, DISPLAY_COLUMNS);
           ^
In file included from ../src/helloworld.c:51:0:
../src/configure.h:57:6: note: expected 'unsigned int *' but argument is of type 'volatile unsigned int *'
 void VDMAInit(unsigned int * buffer, int display_columns)
      ^
../src/helloworld.c:253:15: warning: assignment makes pointer from integer without a cast [-Wint-conversion]
      draw_pos = (int)DDR_FB + ((y0+i)<<12) + ((x0+j)<<2);
               ^
'Finished building: ../src/helloworld.c'
' '
'Building target: test.elf'
'Invoking: MicroBlaze gcc linker'
mb-gcc -Wl,-T -Wl,../src/lscript.ld -L../../test_bsp/microblaze_0/lib -mlittle-endian -mcpu=v9.6 -mxl-soft-mul -Wl,--no-relax -o "test.elf"  ./src/helloworld.o ./src/md5.o ./src/platform.o   -Wl,--start-group,-lxil,-lgcc,-lc,--end-group
'Finished building target: test.elf'
' '
'Invoking: MicroBlaze Print Size'
mb-size test.elf  |tee "test.elf.size"
   text	   data	    bss	    dec	    hex	filename
  32616	    416	   3120	  36152	   8d38	test.elf
'Finished building: test.elf.size'
' '
16:45:16 **** Incremental Build of configuration Debug for project test ****
make all 
make: Nothing to be done for `all'.
16:45:42 **** Auto Build of configuration Debug for project test ****
make all 
'Building file: ../src/helloworld.c'
'Invoking: MicroBlaze gcc compiler'
mb-gcc -Wall -O0 -g3 -c -fmessage-length=0 -MT"src/helloworld.o" -I../../test_bsp/microblaze_0/include -mlittle-endian -mcpu=v9.6 -mxl-soft-mul -Wl,--no-relax -MMD -MP -MF"src/helloworld.d" -MT"src/helloworld.o" -o "src/helloworld.o" "../src/helloworld.c"
In file included from ../src/helloworld.c:51:0:
../src/configure.h: In function 'drawsquare':
../src/configure.h:140:13: warning: assignment makes pointer from integer without a cast [-Wint-conversion]
    draw_pos = (int)DDR_FB + ((y+i)<<12) + ((x+j)<<2);
             ^
../src/configure.h: In function 'drawline':
../src/configure.h:152:12: warning: assignment makes pointer from integer without a cast [-Wint-conversion]
   draw_pos = (int)DDR_FB+(y0<<12)+(i<<2);
            ^
../src/configure.h:157:12: warning: assignment makes pointer from integer without a cast [-Wint-conversion]
   draw_pos = (int)DDR_FB+(i<<12)+(x1<<2);
            ^
../src/configure.h:162:12: warning: assignment makes pointer from integer without a cast [-Wint-conversion]
   draw_pos = (int)DDR_FB+(y1<<12)+(i<<2);
            ^
../src/configure.h:167:12: warning: assignment makes pointer from integer without a cast [-Wint-conversion]
   draw_pos = (int)DDR_FB+(i<<12)+(x0<<2);
            ^
../src/helloworld.c: In function 'start_stamp':
../src/helloworld.c:207:11: warning: passing argument 1 of 'VDMAInit' discards 'volatile' qualifier from pointer target type [-Wdiscarded-qualifiers]
  VDMAInit(DDR_FB, DISPLAY_COLUMNS);
           ^
In file included from ../src/helloworld.c:51:0:
../src/configure.h:57:6: note: expected 'unsigned int *' but argument is of type 'volatile unsigned int *'
 void VDMAInit(unsigned int * buffer, int display_columns)
      ^
../src/helloworld.c:253:15: warning: assignment makes pointer from integer without a cast [-Wint-conversion]
      draw_pos = (int)DDR_FB + ((y0+240-i)<<12) + ((x0+j)<<2);
               ^
'Finished building: ../src/helloworld.c'
' '
'Building target: test.elf'
'Invoking: MicroBlaze gcc linker'
mb-gcc -Wl,-T -Wl,../src/lscript.ld -L../../test_bsp/microblaze_0/lib -mlittle-endian -mcpu=v9.6 -mxl-soft-mul -Wl,--no-relax -o "test.elf"  ./src/helloworld.o ./src/md5.o ./src/platform.o   -Wl,--start-group,-lxil,-lgcc,-lc,--end-group
'Finished building target: test.elf'
' '
'Invoking: MicroBlaze Print Size'
mb-size test.elf  |tee "test.elf.size"
   text	   data	    bss	    dec	    hex	filename
  32620	    416	   3124	  36160	   8d40	test.elf
'Finished building: test.elf.size'
' '
16:45:52 **** Auto Build of configuration Debug for project test ****
make all 
'Building file: ../src/helloworld.c'
'Invoking: MicroBlaze gcc compiler'
mb-gcc -Wall -O0 -g3 -c -fmessage-length=0 -MT"src/helloworld.o" -I../../test_bsp/microblaze_0/include -mlittle-endian -mcpu=v9.6 -mxl-soft-mul -Wl,--no-relax -MMD -MP -MF"src/helloworld.d" -MT"src/helloworld.o" -o "src/helloworld.o" "../src/helloworld.c"
In file included from ../src/helloworld.c:51:0:
../src/configure.h: In function 'drawsquare':
../src/configure.h:140:13: warning: assignment makes pointer from integer without a cast [-Wint-conversion]
    draw_pos = (int)DDR_FB + ((y+i)<<12) + ((x+j)<<2);
             ^
../src/configure.h: In function 'drawline':
../src/configure.h:152:12: warning: assignment makes pointer from integer without a cast [-Wint-conversion]
   draw_pos = (int)DDR_FB+(y0<<12)+(i<<2);
            ^
../src/configure.h:157:12: warning: assignment makes pointer from integer without a cast [-Wint-conversion]
   draw_pos = (int)DDR_FB+(i<<12)+(x1<<2);
            ^
../src/configure.h:162:12: warning: assignment makes pointer from integer without a cast [-Wint-conversion]
   draw_pos = (int)DDR_FB+(y1<<12)+(i<<2);
            ^
../src/configure.h:167:12: warning: assignment makes pointer from integer without a cast [-Wint-conversion]
   draw_pos = (int)DDR_FB+(i<<12)+(x0<<2);
            ^
../src/helloworld.c: In function 'start_stamp':
../src/helloworld.c:207:11: warning: passing argument 1 of 'VDMAInit' discards 'volatile' qualifier from pointer target type [-Wdiscarded-qualifiers]
  VDMAInit(DDR_FB, DISPLAY_COLUMNS);
           ^
In file included from ../src/helloworld.c:51:0:
../src/configure.h:57:6: note: expected 'unsigned int *' but argument is of type 'volatile unsigned int *'
 void VDMAInit(unsigned int * buffer, int display_columns)
      ^
../src/helloworld.c:253:15: warning: assignment makes pointer from integer without a cast [-Wint-conversion]
      draw_pos = (int)DDR_FB + ((y0+240-i)<<12) + ((x0+j)<<2);
               ^
'Finished building: ../src/helloworld.c'
' '
'Building target: test.elf'
'Invoking: MicroBlaze gcc linker'
mb-gcc -Wl,-T -Wl,../src/lscript.ld -L../../test_bsp/microblaze_0/lib -mlittle-endian -mcpu=v9.6 -mxl-soft-mul -Wl,--no-relax -o "test.elf"  ./src/helloworld.o ./src/md5.o ./src/platform.o   -Wl,--start-group,-lxil,-lgcc,-lc,--end-group
'Finished building target: test.elf'
' '
'Invoking: MicroBlaze Print Size'
mb-size test.elf  |tee "test.elf.size"
   text	   data	    bss	    dec	    hex	filename
  32592	    416	   3120	  36128	   8d20	test.elf
'Finished building: test.elf.size'
' '
16:45:54 **** Incremental Build of configuration Debug for project test ****
make all 
make: Nothing to be done for `all'.
16:46:45 **** Auto Build of configuration Debug for project test ****
make all 
'Building file: ../src/helloworld.c'
'Invoking: MicroBlaze gcc compiler'
mb-gcc -Wall -O0 -g3 -c -fmessage-length=0 -MT"src/helloworld.o" -I../../test_bsp/microblaze_0/include -mlittle-endian -mcpu=v9.6 -mxl-soft-mul -Wl,--no-relax -MMD -MP -MF"src/helloworld.d" -MT"src/helloworld.o" -o "src/helloworld.o" "../src/helloworld.c"
In file included from ../src/helloworld.c:51:0:
../src/configure.h: In function 'drawsquare':
../src/configure.h:140:13: warning: assignment makes pointer from integer without a cast [-Wint-conversion]
    draw_pos = (int)DDR_FB + ((y+i)<<12) + ((x+j)<<2);
             ^
../src/configure.h: In function 'drawline':
../src/configure.h:152:12: warning: assignment makes pointer from integer without a cast [-Wint-conversion]
   draw_pos = (int)DDR_FB+(y0<<12)+(i<<2);
            ^
../src/configure.h:157:12: warning: assignment makes pointer from integer without a cast [-Wint-conversion]
   draw_pos = (int)DDR_FB+(i<<12)+(x1<<2);
            ^
../src/configure.h:162:12: warning: assignment makes pointer from integer without a cast [-Wint-conversion]
   draw_pos = (int)DDR_FB+(y1<<12)+(i<<2);
            ^
../src/configure.h:167:12: warning: assignment makes pointer from integer without a cast [-Wint-conversion]
   draw_pos = (int)DDR_FB+(i<<12)+(x0<<2);
            ^
../src/helloworld.c: In function 'start_stamp':
../src/helloworld.c:207:11: warning: passing argument 1 of 'VDMAInit' discards 'volatile' qualifier from pointer target type [-Wdiscarded-qualifiers]
  VDMAInit(DDR_FB, DISPLAY_COLUMNS);
           ^
In file included from ../src/helloworld.c:51:0:
../src/configure.h:57:6: note: expected 'unsigned int *' but argument is of type 'volatile unsigned int *'
 void VDMAInit(unsigned int * buffer, int display_columns)
      ^
../src/helloworld.c:253:15: warning: assignment makes pointer from integer without a cast [-Wint-conversion]
      draw_pos = (int)DDR_FB + ((y0+240-i)<<12) + ((x0+j)<<2);
               ^
'Finished building: ../src/helloworld.c'
' '
'Building target: test.elf'
'Invoking: MicroBlaze gcc linker'
mb-gcc -Wl,-T -Wl,../src/lscript.ld -L../../test_bsp/microblaze_0/lib -mlittle-endian -mcpu=v9.6 -mxl-soft-mul -Wl,--no-relax -o "test.elf"  ./src/helloworld.o ./src/md5.o ./src/platform.o   -Wl,--start-group,-lxil,-lgcc,-lc,--end-group
'Finished building target: test.elf'
' '
'Invoking: MicroBlaze Print Size'
mb-size test.elf  |tee "test.elf.size"
   text	   data	    bss	    dec	    hex	filename
  32592	    416	   3120	  36128	   8d20	test.elf
'Finished building: test.elf.size'
' '
16:46:48 **** Incremental Build of configuration Debug for project test ****
make all 
[...]
'Finished building target: test.elf'
' '
'Invoking: MicroBlaze Print Size'
mb-size test.elf  |tee "test.elf.size"
   text	   data	    bss	    dec	    hex	filename
  33600	    416	   3120	  37136	   9110	test.elf
'Finished building: test.elf.size'
' '
21:31:09 **** Incremental Build of configuration Debug for project test ****
make all 
make: Nothing to be done for `all'.
21:32:09 **** Auto Build of configuration Debug for project test ****
make all 
'Building file: ../src/helloworld.c'
'Invoking: MicroBlaze gcc compiler'
mb-gcc -Wall -O0 -g3 -c -fmessage-length=0 -MT"src/helloworld.o" -I../../test_bsp/microblaze_0/include -mlittle-endian -mcpu=v9.6 -mxl-soft-mul -Wl,--no-relax -MMD -MP -MF"src/helloworld.d" -MT"src/helloworld.o" -o "src/helloworld.o" "../src/helloworld.c"
In file included from ../src/helloworld.c:51:0:
../src/configure.h: In function 'drawsquare':
../src/configure.h:140:13: warning: assignment makes pointer from integer without a cast [-Wint-conversion]
    draw_pos = (int)DDR_FB + ((y+i)<<12) + ((x+j)<<2);
             ^
../src/configure.h: In function 'drawline':
../src/configure.h:152:12: warning: assignment makes pointer from integer without a cast [-Wint-conversion]
   draw_pos = (int)DDR_FB+(y0<<12)+(i<<2);
            ^
../src/configure.h:157:12: warning: assignment makes pointer from integer without a cast [-Wint-conversion]
   draw_pos = (int)DDR_FB+(i<<12)+(x1<<2);
            ^
../src/configure.h:162:12: warning: assignment makes pointer from integer without a cast [-Wint-conversion]
   draw_pos = (int)DDR_FB+(y1<<12)+(i<<2);
            ^
../src/configure.h:167:12: warning: assignment makes pointer from integer without a cast [-Wint-conversion]
   draw_pos = (int)DDR_FB+(i<<12)+(x0<<2);
            ^
../src/helloworld.c: In function 'start_stamp':
../src/helloworld.c:227:11: warning: passing argument 1 of 'VDMAInit' discards 'volatile' qualifier from pointer target type [-Wdiscarded-qualifiers]
  VDMAInit(DDR_FB, DISPLAY_COLUMNS);
           ^
In file included from ../src/helloworld.c:51:0:
../src/configure.h:57:6: note: expected 'unsigned int *' but argument is of type 'volatile unsigned int *'
 void VDMAInit(unsigned int * buffer, int display_columns)
      ^
../src/helloworld.c:286:15: warning: assignment makes pointer from integer without a cast [-Wint-conversion]
      draw_pos = (int)DDR_FB + ((y0+240-i)<<12) + ((x0+j)<<2);
               ^
'Finished building: ../src/helloworld.c'
' '
'Building target: test.elf'
'Invoking: MicroBlaze gcc linker'
mb-gcc -Wl,-T -Wl,../src/lscript.ld -L../../test_bsp/microblaze_0/lib -mlittle-endian -mcpu=v9.6 -mxl-soft-mul -Wl,--no-relax -o "test.elf"  ./src/helloworld.o ./src/md5.o ./src/platform.o   -Wl,--start-group,-lxil,-lgcc,-lc,--end-group
'Finished building target: test.elf'
' '
'Invoking: MicroBlaze Print Size'
mb-size test.elf  |tee "test.elf.size"
   text	   data	    bss	    dec	    hex	filename
  33584	    416	   3120	  37120	   9100	test.elf
'Finished building: test.elf.size'
' '
21:32:11 **** Incremental Build of configuration Debug for project test ****
make all 
make: Nothing to be done for `all'.
21:32:37 **** Auto Build of configuration Debug for project test ****
make all 
'Building file: ../src/helloworld.c'
'Invoking: MicroBlaze gcc compiler'
mb-gcc -Wall -O0 -g3 -c -fmessage-length=0 -MT"src/helloworld.o" -I../../test_bsp/microblaze_0/include -mlittle-endian -mcpu=v9.6 -mxl-soft-mul -Wl,--no-relax -MMD -MP -MF"src/helloworld.d" -MT"src/helloworld.o" -o "src/helloworld.o" "../src/helloworld.c"
In file included from ../src/helloworld.c:51:0:
../src/configure.h: In function 'drawsquare':
../src/configure.h:140:13: warning: assignment makes pointer from integer without a cast [-Wint-conversion]
    draw_pos = (int)DDR_FB + ((y+i)<<12) + ((x+j)<<2);
             ^
../src/configure.h: In function 'drawline':
../src/configure.h:152:12: warning: assignment makes pointer from integer without a cast [-Wint-conversion]
   draw_pos = (int)DDR_FB+(y0<<12)+(i<<2);
            ^
../src/configure.h:157:12: warning: assignment makes pointer from integer without a cast [-Wint-conversion]
   draw_pos = (int)DDR_FB+(i<<12)+(x1<<2);
            ^
../src/configure.h:162:12: warning: assignment makes pointer from integer without a cast [-Wint-conversion]
   draw_pos = (int)DDR_FB+(y1<<12)+(i<<2);
            ^
../src/configure.h:167:12: warning: assignment makes pointer from integer without a cast [-Wint-conversion]
   draw_pos = (int)DDR_FB+(i<<12)+(x0<<2);
            ^
../src/helloworld.c: In function 'start_stamp':
../src/helloworld.c:227:11: warning: passing argument 1 of 'VDMAInit' discards 'volatile' qualifier from pointer target type [-Wdiscarded-qualifiers]
  VDMAInit(DDR_FB, DISPLAY_COLUMNS);
           ^
In file included from ../src/helloworld.c:51:0:
../src/configure.h:57:6: note: expected 'unsigned int *' but argument is of type 'volatile unsigned int *'
 void VDMAInit(unsigned int * buffer, int display_columns)
      ^
../src/helloworld.c:286:15: warning: assignment makes pointer from integer without a cast [-Wint-conversion]
      draw_pos = (int)DDR_FB + ((y0+240-i)<<12) + ((x0+j)<<2);
               ^
'Finished building: ../src/helloworld.c'
' '
'Building target: test.elf'
'Invoking: MicroBlaze gcc linker'
mb-gcc -Wl,-T -Wl,../src/lscript.ld -L../../test_bsp/microblaze_0/lib -mlittle-endian -mcpu=v9.6 -mxl-soft-mul -Wl,--no-relax -o "test.elf"  ./src/helloworld.o ./src/md5.o ./src/platform.o   -Wl,--start-group,-lxil,-lgcc,-lc,--end-group
'Finished building target: test.elf'
' '
'Invoking: MicroBlaze Print Size'
mb-size test.elf  |tee "test.elf.size"
   text	   data	    bss	    dec	    hex	filename
  33600	    416	   3120	  37136	   9110	test.elf
'Finished building: test.elf.size'
' '
21:32:40 **** Incremental Build of configuration Debug for project test ****
make all 
make: Nothing to be done for `all'.
21:34:48 **** Auto Build of configuration Debug for project test ****
make all 
'Building file: ../src/helloworld.c'
'Invoking: MicroBlaze gcc compiler'
mb-gcc -Wall -O0 -g3 -c -fmessage-length=0 -MT"src/helloworld.o" -I../../test_bsp/microblaze_0/include -mlittle-endian -mcpu=v9.6 -mxl-soft-mul -Wl,--no-relax -MMD -MP -MF"src/helloworld.d" -MT"src/helloworld.o" -o "src/helloworld.o" "../src/helloworld.c"
In file included from ../src/helloworld.c:51:0:
../src/configure.h: In function 'drawsquare':
../src/configure.h:140:13: warning: assignment makes pointer from integer without a cast [-Wint-conversion]
    draw_pos = (int)DDR_FB + ((y+i)<<12) + ((x+j)<<2);
             ^
../src/configure.h: In function 'drawline':
../src/configure.h:152:12: warning: assignment makes pointer from integer without a cast [-Wint-conversion]
   draw_pos = (int)DDR_FB+(y0<<12)+(i<<2);
            ^
../src/configure.h:157:12: warning: assignment makes pointer from integer without a cast [-Wint-conversion]
   draw_pos = (int)DDR_FB+(i<<12)+(x1<<2);
            ^
../src/configure.h:162:12: warning: assignment makes pointer from integer without a cast [-Wint-conversion]
   draw_pos = (int)DDR_FB+(y1<<12)+(i<<2);
            ^
../src/configure.h:167:12: warning: assignment makes pointer from integer without a cast [-Wint-conversion]
   draw_pos = (int)DDR_FB+(i<<12)+(x0<<2);
            ^
../src/helloworld.c: In function 'start_stamp':
../src/helloworld.c:227:11: warning: passing argument 1 of 'VDMAInit' discards 'volatile' qualifier from pointer target type [-Wdiscarded-qualifiers]
  VDMAInit(DDR_FB, DISPLAY_COLUMNS);
           ^
In file included from ../src/helloworld.c:51:0:
../src/configure.h:57:6: note: expected 'unsigned int *' but argument is of type 'volatile unsigned int *'
 void VDMAInit(unsigned int * buffer, int display_columns)
      ^
../src/helloworld.c:286:15: warning: assignment makes pointer from integer without a cast [-Wint-conversion]
      draw_pos = (int)DDR_FB + ((y0+(y1-y0)-i)<<12) + ((x0+(x1-x0))<<2);
               ^
'Finished building: ../src/helloworld.c'
' '
'Building target: test.elf'
'Invoking: MicroBlaze gcc linker'
mb-gcc -Wl,-T -Wl,../src/lscript.ld -L../../test_bsp/microblaze_0/lib -mlittle-endian -mcpu=v9.6 -mxl-soft-mul -Wl,--no-relax -o "test.elf"  ./src/helloworld.o ./src/md5.o ./src/platform.o   -Wl,--start-group,-lxil,-lgcc,-lc,--end-group
'Finished building target: test.elf'
' '
'Invoking: MicroBlaze Print Size'
mb-size test.elf  |tee "test.elf.size"
   text	   data	    bss	    dec	    hex	filename
  33588	    416	   3124	  37128	   9108	test.elf
'Finished building: test.elf.size'
' '
21:34:52 **** Incremental Build of configuration Debug for project test ****
make all 
make: Nothing to be done for `all'.
21:36:07 **** Incremental Build of configuration Debug for project test ****
make all 
make: Nothing to be done for `all'.
21:36:47 **** Auto Build of configuration Debug for project test ****
make all 
'Building file: ../src/helloworld.c'
'Invoking: MicroBlaze gcc compiler'
mb-gcc -Wall -O0 -g3 -c -fmessage-length=0 -MT"src/helloworld.o" -I../../test_bsp/microblaze_0/include -mlittle-endian -mcpu=v9.6 -mxl-soft-mul -Wl,--no-relax -MMD -MP -MF"src/helloworld.d" -MT"src/helloworld.o" -o "src/helloworld.o" "../src/helloworld.c"
In file included from ../src/helloworld.c:51:0:
../src/configure.h: In function 'drawsquare':
../src/configure.h:140:13: warning: assignment makes pointer from integer without a cast [-Wint-conversion]
    draw_pos = (int)DDR_FB + ((y+i)<<12) + ((x+j)<<2);
             ^
../src/configure.h: In function 'drawline':
../src/configure.h:152:12: warning: assignment makes pointer from integer without a cast [-Wint-conversion]
   draw_pos = (int)DDR_FB+(y0<<12)+(i<<2);
            ^
../src/configure.h:157:12: warning: assignment makes pointer from integer without a cast [-Wint-conversion]
   draw_pos = (int)DDR_FB+(i<<12)+(x1<<2);
            ^
../src/configure.h:162:12: warning: assignment makes pointer from integer without a cast [-Wint-conversion]
   draw_pos = (int)DDR_FB+(y1<<12)+(i<<2);
            ^
../src/configure.h:167:12: warning: assignment makes pointer from integer without a cast [-Wint-conversion]
   draw_pos = (int)DDR_FB+(i<<12)+(x0<<2);
            ^
../src/helloworld.c: In function 'start_stamp':
../src/helloworld.c:227:11: warning: passing argument 1 of 'VDMAInit' discards 'volatile' qualifier from pointer target type [-Wdiscarded-qualifiers]
  VDMAInit(DDR_FB, DISPLAY_COLUMNS);
           ^
In file included from ../src/helloworld.c:51:0:
../src/configure.h:57:6: note: expected 'unsigned int *' but argument is of type 'volatile unsigned int *'
 void VDMAInit(unsigned int * buffer, int display_columns)
      ^
../src/helloworld.c:286:15: warning: assignment makes pointer from integer without a cast [-Wint-conversion]
      draw_pos = (int)DDR_FB + ((y0+240-i)<<12) + ((x0+320-j)<<2);
               ^
'Finished building: ../src/helloworld.c'
' '
'Building target: test.elf'
'Invoking: MicroBlaze gcc linker'
mb-gcc -Wl,-T -Wl,../src/lscript.ld -L../../test_bsp/microblaze_0/lib -mlittle-endian -mcpu=v9.6 -mxl-soft-mul -Wl,--no-relax -o "test.elf"  ./src/helloworld.o ./src/md5.o ./src/platform.o   -Wl,--start-group,-lxil,-lgcc,-lc,--end-group
'Finished building target: test.elf'
' '
'Invoking: MicroBlaze Print Size'
mb-size test.elf  |tee "test.elf.size"
   text	   data	    bss	    dec	    hex	filename
  33604	    416	   3124	  37144	   9118	test.elf
'Finished building: test.elf.size'
' '
21:36:51 **** Incremental Build of configuration Debug for project test ****
make all 
make: Nothing to be done for `all'.
21:39:03 **** Auto Build of configuration Debug for project test ****
make all 
'Building file: ../src/helloworld.c'
'Invoking: MicroBlaze gcc compiler'
mb-gcc -Wall -O0 -g3 -c -fmessage-length=0 -MT"src/helloworld.o" -I../../test_bsp/microblaze_0/include -mlittle-endian -mcpu=v9.6 -mxl-soft-mul -Wl,--no-relax -MMD -MP -MF"src/helloworld.d" -MT"src/helloworld.o" -o "src/helloworld.o" "../src/helloworld.c"
In file included from ../src/helloworld.c:51:0:
../src/configure.h: In function 'drawsquare':
../src/configure.h:140:13: warning: assignment makes pointer from integer without a cast [-Wint-conversion]
    draw_pos = (int)DDR_FB + ((y+i)<<12) + ((x+j)<<2);
             ^
../src/configure.h: In function 'drawline':
../src/configure.h:152:12: warning: assignment makes pointer from integer without a cast [-Wint-conversion]
   draw_pos = (int)DDR_FB+(y0<<12)+(i<<2);
            ^
../src/configure.h:157:12: warning: assignment makes pointer from integer without a cast [-Wint-conversion]
   draw_pos = (int)DDR_FB+(i<<12)+(x1<<2);
            ^
../src/configure.h:162:12: warning: assignment makes pointer from integer without a cast [-Wint-conversion]
   draw_pos = (int)DDR_FB+(y1<<12)+(i<<2);
            ^
../src/configure.h:167:12: warning: assignment makes pointer from integer without a cast [-Wint-conversion]
   draw_pos = (int)DDR_FB+(i<<12)+(x0<<2);
            ^
../src/helloworld.c: In function 'start_stamp':
../src/helloworld.c:227:11: warning: passing argument 1 of 'VDMAInit' discards 'volatile' qualifier from pointer target type [-Wdiscarded-qualifiers]
  VDMAInit(DDR_FB, DISPLAY_COLUMNS);
           ^
In file included from ../src/helloworld.c:51:0:
../src/configure.h:57:6: note: expected 'unsigned int *' but argument is of type 'volatile unsigned int *'
 void VDMAInit(unsigned int * buffer, int display_columns)
      ^
../src/helloworld.c:286:15: warning: assignment makes pointer from integer without a cast [-Wint-conversion]
      draw_pos = (int)DDR_FB + ((y0+240-i)<<12) + ((x0+320-j)<<2);
               ^
'Finished building: ../src/helloworld.c'
' '
'Building target: test.elf'
'Invoking: MicroBlaze gcc linker'
mb-gcc -Wl,-T -Wl,../src/lscript.ld -L../../test_bsp/microblaze_0/lib -mlittle-endian -mcpu=v9.6 -mxl-soft-mul -Wl,--no-relax -o "test.elf"  ./src/helloworld.o ./src/md5.o ./src/platform.o   -Wl,--start-group,-lxil,-lgcc,-lc,--end-group
'Finished building target: test.elf'
' '
'Invoking: MicroBlaze Print Size'
mb-size test.elf  |tee "test.elf.size"
   text	   data	    bss	    dec	    hex	filename
  33588	    416	   3124	  37128	   9108	test.elf
'Finished building: test.elf.size'
' '
21:39:05 **** Incremental Build of configuration Debug for project test ****
make all 
make: Nothing to be done for `all'.
21:41:01 **** Auto Build of configuration Debug for project test ****
make all 
'Building file: ../src/helloworld.c'
'Invoking: MicroBlaze gcc compiler'
mb-gcc -Wall -O0 -g3 -c -fmessage-length=0 -MT"src/helloworld.o" -I../../test_bsp/microblaze_0/include -mlittle-endian -mcpu=v9.6 -mxl-soft-mul -Wl,--no-relax -MMD -MP -MF"src/helloworld.d" -MT"src/helloworld.o" -o "src/helloworld.o" "../src/helloworld.c"
In file included from ../src/helloworld.c:51:0:
../src/configure.h: In function 'drawsquare':
../src/configure.h:140:13: warning: assignment makes pointer from integer without a cast [-Wint-conversion]
    draw_pos = (int)DDR_FB + ((y+i)<<12) + ((x+j)<<2);
             ^
../src/configure.h: In function 'drawline':
../src/configure.h:152:12: warning: assignment makes pointer from integer without a cast [-Wint-conversion]
   draw_pos = (int)DDR_FB+(y0<<12)+(i<<2);
            ^
../src/configure.h:157:12: warning: assignment makes pointer from integer without a cast [-Wint-conversion]
   draw_pos = (int)DDR_FB+(i<<12)+(x1<<2);
            ^
../src/configure.h:162:12: warning: assignment makes pointer from integer without a cast [-Wint-conversion]
   draw_pos = (int)DDR_FB+(y1<<12)+(i<<2);
            ^
../src/configure.h:167:12: warning: assignment makes pointer from integer without a cast [-Wint-conversion]
   draw_pos = (int)DDR_FB+(i<<12)+(x0<<2);
            ^
../src/helloworld.c: In function 'start_stamp':
../src/helloworld.c:227:11: warning: passing argument 1 of 'VDMAInit' discards 'volatile' qualifier from pointer target type [-Wdiscarded-qualifiers]
  VDMAInit(DDR_FB, DISPLAY_COLUMNS);
           ^
In file included from ../src/helloworld.c:51:0:
../src/configure.h:57:6: note: expected 'unsigned int *' but argument is of type 'volatile unsigned int *'
 void VDMAInit(unsigned int * buffer, int display_columns)
      ^
../src/helloworld.c:286:15: warning: assignment makes pointer from integer without a cast [-Wint-conversion]
      draw_pos = (int)DDR_FB + ((y0+240-i)<<12) + ((x0+320-j)<<2);
               ^
'Finished building: ../src/helloworld.c'
' '
'Building target: test.elf'
'Invoking: MicroBlaze gcc linker'
mb-gcc -Wl,-T -Wl,../src/lscript.ld -L../../test_bsp/microblaze_0/lib -mlittle-endian -mcpu=v9.6 -mxl-soft-mul -Wl,--no-relax -o "test.elf"  ./src/helloworld.o ./src/md5.o ./src/platform.o   -Wl,--start-group,-lxil,-lgcc,-lc,--end-group
'Finished building target: test.elf'
' '
'Invoking: MicroBlaze Print Size'
mb-size test.elf  |tee "test.elf.size"
   text	   data	    bss	    dec	    hex	filename
  33604	    416	   3124	  37144	   9118	test.elf
'Finished building: test.elf.size'
' '
21:41:03 **** Incremental Build of configuration Debug for project test ****
make all 
make: Nothing to be done for `all'.
21:43:34 **** Auto Build of configuration Debug for project test ****
make all 
'Building file: ../src/helloworld.c'
'Invoking: MicroBlaze gcc compiler'
mb-gcc -Wall -O0 -g3 -c -fmessage-length=0 -MT"src/helloworld.o" -I../../test_bsp/microblaze_0/include -mlittle-endian -mcpu=v9.6 -mxl-soft-mul -Wl,--no-relax -MMD -MP -MF"src/helloworld.d" -MT"src/helloworld.o" -o "src/helloworld.o" "../src/helloworld.c"
In file included from ../src/helloworld.c:51:0:
../src/configure.h: In function 'drawsquare':
../src/configure.h:140:13: warning: assignment makes pointer from integer without a cast [-Wint-conversion]
    draw_pos = (int)DDR_FB + ((y+i)<<12) + ((x+j)<<2);
             ^
../src/configure.h: In function 'drawline':
../src/configure.h:152:12: warning: assignment makes pointer from integer without a cast [-Wint-conversion]
   draw_pos = (int)DDR_FB+(y0<<12)+(i<<2);
            ^
../src/configure.h:157:12: warning: assignment makes pointer from integer without a cast [-Wint-conversion]
   draw_pos = (int)DDR_FB+(i<<12)+(x1<<2);
            ^
../src/configure.h:162:12: warning: assignment makes pointer from integer without a cast [-Wint-conversion]
   draw_pos = (int)DDR_FB+(y1<<12)+(i<<2);
            ^
../src/configure.h:167:12: warning: assignment makes pointer from integer without a cast [-Wint-conversion]
   draw_pos = (int)DDR_FB+(i<<12)+(x0<<2);
            ^
../src/helloworld.c: In function 'start_stamp':
../src/helloworld.c:227:11: warning: passing argument 1 of 'VDMAInit' discards 'volatile' qualifier from pointer target type [-Wdiscarded-qualifiers]
  VDMAInit(DDR_FB, DISPLAY_COLUMNS);
           ^
In file included from ../src/helloworld.c:51:0:
../src/configure.h:57:6: note: expected 'unsigned int *' but argument is of type 'volatile unsigned int *'
 void VDMAInit(unsigned int * buffer, int display_columns)
      ^
../src/helloworld.c:286:15: warning: assignment makes pointer from integer without a cast [-Wint-conversion]
      draw_pos = (int)DDR_FB + ((y0+(y1-y0)-i)<<12) + ((x0+(x1-x0)-j)<<2);
               ^
'Finished building: ../src/helloworld.c'
' '
'Building target: test.elf'
'Invoking: MicroBlaze gcc linker'
mb-gcc -Wl,-T -Wl,../src/lscript.ld -L../../test_bsp/microblaze_0/lib -mlittle-endian -mcpu=v9.6 -mxl-soft-mul -Wl,--no-relax -o "test.elf"  ./src/helloworld.o ./src/md5.o ./src/platform.o   -Wl,--start-group,-lxil,-lgcc,-lc,--end-group
'Finished building target: test.elf'
' '
'Invoking: MicroBlaze Print Size'
mb-size test.elf  |tee "test.elf.size"
   text	   data	    bss	    dec	    hex	filename
  33596	    416	   3124	  37136	   9110	test.elf
'Finished building: test.elf.size'
' '
21:43:36 **** Incremental Build of configuration Debug for project test ****
make all 
make: Nothing to be done for `all'.
